latexmk -outdir=build -auxdir=build -pdf -pdflatex="pdflatex -interaction=nonstopmode" -use-make main.tex
Rc files read:
  /etc/LatexMk
  .latexmkrc
Latexmk: This is Latexmk, John Collins, 31 Jan. 2024. Version 4.83.
No existing .aux file, so I'll make a simple one, and require run of *latex.
Latexmk: applying rule 'pdflatex'...
Rule 'pdflatex':  Reasons for rerun
Category 'other':
  Rerun of 'pdflatex' forced or previously required:
    Reason or flag: 'Initial setup'

------------
Run number 1 of rule 'pdflatex'
------------
------------
Running 'pdflatex -interaction=nonstopmode  -recorder -output-directory="build"  "main.tex"'
------------
This is pdfTeX, Version 3.141592653-2.6-1.40.25 (TeX Live 2023/Debian) (preloaded format=pdflatex)
 restricted \write18 enabled.
entering extended mode
(./main.tex
LaTeX2e <2023-11-01> patch level 1
L3 programming layer <2024-01-22>
(./tmdei-style.cls
Document Class: tmdei-style 
(/usr/share/texlive/texmf-dist/tex/latex/etoolbox/etoolbox.sty)
(/usr/share/texlive/texmf-dist/tex/latex/l3packages/xparse/xparse.sty
(/usr/share/texlive/texmf-dist/tex/latex/l3kernel/expl3.sty
(/usr/share/texlive/texmf-dist/tex/latex/l3backend/l3backend-pdftex.def)))
(/usr/share/texlive/texmf-dist/tex/latex/base/book.cls
Document Class: book 2023/05/17 v1.4n Standard LaTeX document class
(/usr/share/texlive/texmf-dist/tex/latex/base/bk11.clo))
(/usr/share/texlive/texmf-dist/tex/latex/parskip/parskip.sty
(/usr/share/texlive/texmf-dist/tex/latex/kvoptions/kvoptions.sty
(/usr/share/texlive/texmf-dist/tex/latex/graphics/keyval.sty)
(/usr/share/texlive/texmf-dist/tex/generic/ltxcmds/ltxcmds.sty)
(/usr/share/texlive/texmf-dist/tex/latex/kvsetkeys/kvsetkeys.sty)))
(/usr/share/texlive/texmf-dist/tex/generic/babel/babel.sty
(/usr/share/texlive/texmf-dist/tex/generic/babel/txtbabel.def)
(/usr/share/texlive/texmf-dist/tex/generic/babel-english/english.ldf))
(/usr/share/texlive/texmf-dist/tex/generic/babel/locale/en/babel-english.tex)
(/usr/share/texlive/texmf-dist/tex/latex/koma-script/scrbase.sty
(/usr/share/texlive/texmf-dist/tex/latex/koma-script/scrlfile.sty
(/usr/share/texlive/texmf-dist/tex/latex/koma-script/scrlfile-hook.sty
(/usr/share/texlive/texmf-dist/tex/latex/koma-script/scrlogo.sty))))
(/usr/share/texlive/texmf-dist/tex/latex/koma-script/scrhack.sty
(/usr/share/texlive/texmf-dist/tex/latex/koma-script/scrkbase.sty)
(/usr/share/texlive/texmf-dist/tex/latex/xpatch/xpatch.sty))
(/usr/share/texlive/texmf-dist/tex/latex/setspace/setspace.sty)
(/usr/share/texlive/texmf-dist/tex/latex/koma-script/setspace.hak)
(/usr/share/texlive/texmf-dist/tex/latex/tools/longtable.sty)
(/usr/share/texlive/texmf-dist/tex/latex/siunitx/siunitx.sty
(/usr/share/texlive/texmf-dist/tex/latex/translations/translations.sty
(/usr/share/texlive/texmf-dist/tex/generic/pdftexcmds/pdftexcmds.sty
(/usr/share/texlive/texmf-dist/tex/generic/infwarerr/infwarerr.sty)
(/usr/share/texlive/texmf-dist/tex/generic/iftex/iftex.sty)))
(/usr/share/texlive/texmf-dist/tex/latex/amsmath/amstext.sty
(/usr/share/texlive/texmf-dist/tex/latex/amsmath/amsgen.sty))
(/usr/share/texlive/texmf-dist/tex/latex/tools/array.sty))
(/usr/share/texlive/texmf-dist/tex/latex/graphics/graphicx.sty
(/usr/share/texlive/texmf-dist/tex/latex/graphics/graphics.sty
(/usr/share/texlive/texmf-dist/tex/latex/graphics/trig.sty)
(/usr/share/texlive/texmf-dist/tex/latex/graphics-cfg/graphics.cfg)
(/usr/share/texlive/texmf-dist/tex/latex/graphics-def/pdftex.def)))
(/usr/share/texlive/texmf-dist/tex/latex/xcolor/xcolor.sty
(/usr/share/texlive/texmf-dist/tex/latex/graphics-cfg/color.cfg)
(/usr/share/texlive/texmf-dist/tex/latex/graphics/mathcolor.ltx))
(/usr/share/texlive/texmf-dist/tex/latex/graphics/dvipsnam.def)
(/usr/share/texlive/texmf-dist/tex/latex/booktabs/booktabs.sty)
(/usr/share/texlive/texmf-dist/tex/latex/base/inputenc.sty)
(/usr/share/texlive/texmf-dist/tex/latex/base/fontenc.sty)
(/usr/share/texmf/tex/latex/lm/lmodern.sty)
(/usr/share/texlive/texmf-dist/tex/latex/csquotes/csquotes.sty
(/usr/share/texlive/texmf-dist/tex/latex/csquotes/csquotes.def)
(/usr/share/texlive/texmf-dist/tex/latex/csquotes/csquotes.cfg))
(/usr/share/texlive/texmf-dist/tex/latex/cmbright/cmbright.sty
(/usr/share/texlive/texmf-dist/tex/latex/cmbright/t1cmbr.fd))
(/usr/share/texlive/texmf-dist/tex/latex/algorithms/algorithm.sty
(/usr/share/texlive/texmf-dist/tex/latex/float/float.sty)
(/usr/share/texlive/texmf-dist/tex/latex/koma-script/float.hak
(/usr/share/texlive/texmf-dist/tex/latex/koma-script/tocbasic.sty))
(/usr/share/texlive/texmf-dist/tex/latex/base/ifthen.sty))
(/usr/share/texlive/texmf-dist/tex/latex/algorithmicx/algpseudocode.sty
(/usr/share/texlive/texmf-dist/tex/latex/algorithmicx/algorithmicx.sty
Document Style algorithmicx 1.2 - a greatly improved `algorithmic' style
)
Document Style - pseudocode environments for use with the `algorithmicx' style
) (/usr/share/texlive/texmf-dist/tex/latex/listings/listings.sty
(/usr/share/texlive/texmf-dist/tex/latex/listings/lstmisc.sty)
(/usr/share/texlive/texmf-dist/tex/latex/listings/listings.cfg))
(/usr/share/texlive/texmf-dist/tex/latex/koma-script/listings.hak)
(/usr/share/texlive/texmf-dist/tex/latex/listings/lstlang1.sty)
(/usr/share/texlive/texmf-dist/tex/latex/glossaries/base/glossaries.sty
(/usr/share/texlive/texmf-dist/tex/latex/xkeyval/xkeyval.sty
(/usr/share/texlive/texmf-dist/tex/generic/xkeyval/xkeyval.tex
(/usr/share/texlive/texmf-dist/tex/generic/xkeyval/xkvutils.tex)))
(/usr/share/texlive/texmf-dist/tex/latex/mfirstuc/mfirstuc.sty)
(/usr/share/texlive/texmf-dist/tex/latex/xfor/xfor.sty)
(/usr/share/texlive/texmf-dist/tex/latex/datatool/datatool-base.sty
(/usr/share/texlive/texmf-dist/tex/latex/amsmath/amsmath.sty
For additional information on amsmath, use the `?' option.
(/usr/share/texlive/texmf-dist/tex/latex/amsmath/amsbsy.sty)
(/usr/share/texlive/texmf-dist/tex/latex/amsmath/amsopn.sty))
(/usr/share/texlive/texmf-dist/tex/latex/substr/substr.sty)
(/usr/share/texlive/texmf-dist/tex/latex/datatool/datatool-fp.sty
(/usr/share/texlive/texmf-dist/tex/latex/fp/fp.sty
`Fixed Point Package', Version 0.8, April 2, 1995 (C) Michael Mehlich
(/usr/share/texlive/texmf-dist/tex/latex/fp/defpattern.sty)
(/usr/share/texlive/texmf-dist/tex/latex/fp/fp-basic.sty)
(/usr/share/texlive/texmf-dist/tex/latex/fp/fp-addons.sty)
(/usr/share/texlive/texmf-dist/tex/latex/fp/fp-snap.sty)
(/usr/share/texlive/texmf-dist/tex/latex/fp/fp-exp.sty)
(/usr/share/texlive/texmf-dist/tex/latex/fp/fp-trigo.sty)
(/usr/share/texlive/texmf-dist/tex/latex/fp/fp-pas.sty)
(/usr/share/texlive/texmf-dist/tex/latex/fp/fp-random.sty)
(/usr/share/texlive/texmf-dist/tex/latex/fp/fp-eqn.sty)
(/usr/share/texlive/texmf-dist/tex/latex/fp/fp-upn.sty)
(/usr/share/texlive/texmf-dist/tex/latex/fp/fp-eval.sty))))
(/usr/share/texlive/texmf-dist/tex/latex/tracklang/tracklang.sty
(/usr/share/texlive/texmf-dist/tex/generic/tracklang/tracklang.tex))
(/usr/share/texlive/texmf-dist/tex/latex/translator/translator.sty)
(/usr/share/texlive/texmf-dist/tex/latex/glossaries-english/glossaries-english.
ldf)
(/usr/share/texlive/texmf-dist/tex/latex/glossaries/styles/glossary-hypernav.st
y) (/usr/share/texlive/texmf-dist/tex/latex/glossaries/styles/glossary-list.sty
) (/usr/share/texlive/texmf-dist/tex/latex/glossaries/styles/glossary-long.sty)
 (/usr/share/texlive/texmf-dist/tex/latex/glossaries/styles/glossary-super.sty
(/usr/share/texlive/texmf-dist/tex/latex/supertabular/supertabular.sty))
(/usr/share/texlive/texmf-dist/tex/latex/glossaries/styles/glossary-tree.sty))
(/usr/share/texlive/texmf-dist/tex/latex/caption/caption.sty
(/usr/share/texlive/texmf-dist/tex/latex/caption/caption3.sty)
(/usr/share/texlive/texmf-dist/tex/latex/caption/ltcaption.sty))
(/usr/share/texlive/texmf-dist/tex/latex/appendix/appendix.sty)
(/usr/share/texlive/texmf-dist/tex/latex/geometry/geometry.sty
(/usr/share/texlive/texmf-dist/tex/generic/iftex/ifvtex.sty))
(/usr/share/texlive/texmf-dist/tex/latex/microtype/microtype.sty
(/usr/share/texlive/texmf-dist/tex/latex/microtype/microtype-pdftex.def)
(/usr/share/texlive/texmf-dist/tex/latex/microtype/microtype.cfg))
(/usr/share/texlive/texmf-dist/tex/latex/koma-script/scrlayer-scrpage.sty
(/usr/share/texlive/texmf-dist/tex/latex/koma-script/scrlayer.sty))
1: chapter
1: chapter
1: section
) (/usr/share/texlive/texmf-dist/tex/latex/pgf/frontendlayer/tikz.sty
(/usr/share/texlive/texmf-dist/tex/latex/pgf/basiclayer/pgf.sty
(/usr/share/texlive/texmf-dist/tex/latex/pgf/utilities/pgfrcs.sty
(/usr/share/texlive/texmf-dist/tex/generic/pgf/utilities/pgfutil-common.tex)
(/usr/share/texlive/texmf-dist/tex/generic/pgf/utilities/pgfutil-latex.def)
(/usr/share/texlive/texmf-dist/tex/generic/pgf/utilities/pgfrcs.code.tex
(/usr/share/texlive/texmf-dist/tex/generic/pgf/pgf.revision.tex)))
(/usr/share/texlive/texmf-dist/tex/latex/pgf/basiclayer/pgfcore.sty
(/usr/share/texlive/texmf-dist/tex/latex/pgf/systemlayer/pgfsys.sty
(/usr/share/texlive/texmf-dist/tex/generic/pgf/systemlayer/pgfsys.code.tex
(/usr/share/texlive/texmf-dist/tex/generic/pgf/utilities/pgfkeys.code.tex
(/usr/share/texlive/texmf-dist/tex/generic/pgf/utilities/pgfkeyslibraryfiltered
.code.tex)) (/usr/share/texlive/texmf-dist/tex/generic/pgf/systemlayer/pgf.cfg)
(/usr/share/texlive/texmf-dist/tex/generic/pgf/systemlayer/pgfsys-pdftex.def
(/usr/share/texlive/texmf-dist/tex/generic/pgf/systemlayer/pgfsys-common-pdf.de
f)))
(/usr/share/texlive/texmf-dist/tex/generic/pgf/systemlayer/pgfsyssoftpath.code.
tex)
(/usr/share/texlive/texmf-dist/tex/generic/pgf/systemlayer/pgfsysprotocol.code.
tex))
(/usr/share/texlive/texmf-dist/tex/generic/pgf/basiclayer/pgfcore.code.tex
(/usr/share/texlive/texmf-dist/tex/generic/pgf/math/pgfmath.code.tex
(/usr/share/texlive/texmf-dist/tex/generic/pgf/math/pgfmathutil.code.tex)
(/usr/share/texlive/texmf-dist/tex/generic/pgf/math/pgfmathparser.code.tex)
(/usr/share/texlive/texmf-dist/tex/generic/pgf/math/pgfmathfunctions.code.tex)
(/usr/share/texlive/texmf-dist/tex/generic/pgf/math/pgfmathfunctions.basic.code
.tex)
(/usr/share/texlive/texmf-dist/tex/generic/pgf/math/pgfmathfunctions.trigonomet
ric.code.tex)
(/usr/share/texlive/texmf-dist/tex/generic/pgf/math/pgfmathfunctions.random.cod
e.tex)
(/usr/share/texlive/texmf-dist/tex/generic/pgf/math/pgfmathfunctions.comparison
.code.tex)
(/usr/share/texlive/texmf-dist/tex/generic/pgf/math/pgfmathfunctions.base.code.
tex)
(/usr/share/texlive/texmf-dist/tex/generic/pgf/math/pgfmathfunctions.round.code
.tex)
(/usr/share/texlive/texmf-dist/tex/generic/pgf/math/pgfmathfunctions.misc.code.
tex)
(/usr/share/texlive/texmf-dist/tex/generic/pgf/math/pgfmathfunctions.integerari
thmetics.code.tex)
(/usr/share/texlive/texmf-dist/tex/generic/pgf/math/pgfmathcalc.code.tex)
(/usr/share/texlive/texmf-dist/tex/generic/pgf/math/pgfmathfloat.code.tex))
(/usr/share/texlive/texmf-dist/tex/generic/pgf/math/pgfint.code.tex)
(/usr/share/texlive/texmf-dist/tex/generic/pgf/basiclayer/pgfcorepoints.code.te
x)
(/usr/share/texlive/texmf-dist/tex/generic/pgf/basiclayer/pgfcorepathconstruct.
code.tex)
(/usr/share/texlive/texmf-dist/tex/generic/pgf/basiclayer/pgfcorepathusage.code
.tex)
(/usr/share/texlive/texmf-dist/tex/generic/pgf/basiclayer/pgfcorescopes.code.te
x)
(/usr/share/texlive/texmf-dist/tex/generic/pgf/basiclayer/pgfcoregraphicstate.c
ode.tex)
(/usr/share/texlive/texmf-dist/tex/generic/pgf/basiclayer/pgfcoretransformation
s.code.tex)
(/usr/share/texlive/texmf-dist/tex/generic/pgf/basiclayer/pgfcorequick.code.tex
)
(/usr/share/texlive/texmf-dist/tex/generic/pgf/basiclayer/pgfcoreobjects.code.t
ex)
(/usr/share/texlive/texmf-dist/tex/generic/pgf/basiclayer/pgfcorepathprocessing
.code.tex)
(/usr/share/texlive/texmf-dist/tex/generic/pgf/basiclayer/pgfcorearrows.code.te
x)
(/usr/share/texlive/texmf-dist/tex/generic/pgf/basiclayer/pgfcoreshade.code.tex
)
(/usr/share/texlive/texmf-dist/tex/generic/pgf/basiclayer/pgfcoreimage.code.tex
)
(/usr/share/texlive/texmf-dist/tex/generic/pgf/basiclayer/pgfcoreexternal.code.
tex)
(/usr/share/texlive/texmf-dist/tex/generic/pgf/basiclayer/pgfcorelayers.code.te
x)
(/usr/share/texlive/texmf-dist/tex/generic/pgf/basiclayer/pgfcoretransparency.c
ode.tex)
(/usr/share/texlive/texmf-dist/tex/generic/pgf/basiclayer/pgfcorepatterns.code.
tex)
(/usr/share/texlive/texmf-dist/tex/generic/pgf/basiclayer/pgfcorerdf.code.tex))
)
(/usr/share/texlive/texmf-dist/tex/generic/pgf/modules/pgfmoduleshapes.code.tex
) (/usr/share/texlive/texmf-dist/tex/generic/pgf/modules/pgfmoduleplot.code.tex
)
(/usr/share/texlive/texmf-dist/tex/latex/pgf/compatibility/pgfcomp-version-0-65
.sty)
(/usr/share/texlive/texmf-dist/tex/latex/pgf/compatibility/pgfcomp-version-1-18
.sty)) (/usr/share/texlive/texmf-dist/tex/latex/pgf/utilities/pgffor.sty
(/usr/share/texlive/texmf-dist/tex/latex/pgf/utilities/pgfkeys.sty
(/usr/share/texlive/texmf-dist/tex/generic/pgf/utilities/pgfkeys.code.tex))
(/usr/share/texlive/texmf-dist/tex/latex/pgf/math/pgfmath.sty
(/usr/share/texlive/texmf-dist/tex/generic/pgf/math/pgfmath.code.tex))
(/usr/share/texlive/texmf-dist/tex/generic/pgf/utilities/pgffor.code.tex))
(/usr/share/texlive/texmf-dist/tex/generic/pgf/frontendlayer/tikz/tikz.code.tex

(/usr/share/texlive/texmf-dist/tex/generic/pgf/libraries/pgflibraryplothandlers
.code.tex)
(/usr/share/texlive/texmf-dist/tex/generic/pgf/modules/pgfmodulematrix.code.tex
)
(/usr/share/texlive/texmf-dist/tex/generic/pgf/frontendlayer/tikz/libraries/tik
zlibrarytopaths.code.tex)))
(/usr/share/texlive/texmf-dist/tex/latex/pgfgantt/pgfgantt.sty
(/usr/share/texlive/texmf-dist/tex/generic/pgf/frontendlayer/tikz/libraries/tik
zlibraryarrows.code.tex
(/usr/share/texlive/texmf-dist/tex/generic/pgf/libraries/pgflibraryarrows.code.
tex))
(/usr/share/texlive/texmf-dist/tex/generic/pgf/frontendlayer/tikz/libraries/tik
zlibrarybackgrounds.code.tex)
(/usr/share/texlive/texmf-dist/tex/generic/pgf/frontendlayer/tikz/libraries/tik
zlibrarycalc.code.tex)
(/usr/share/texlive/texmf-dist/tex/generic/pgf/frontendlayer/tikz/libraries/tik
zlibrarypatterns.code.tex
(/usr/share/texlive/texmf-dist/tex/generic/pgf/libraries/pgflibrarypatterns.cod
e.tex))
(/usr/share/texlive/texmf-dist/tex/generic/pgf/frontendlayer/tikz/libraries/tik
zlibrarypositioning.code.tex)
(/usr/share/texlive/texmf-dist/tex/generic/pgf/frontendlayer/tikz/libraries/tik
zlibraryshapes.geometric.code.tex
(/usr/share/texlive/texmf-dist/tex/generic/pgf/libraries/shapes/pgflibraryshape
s.geometric.code.tex))
(/usr/share/texlive/texmf-dist/tex/latex/pgf/utilities/pgfcalendar.sty
(/usr/share/texlive/texmf-dist/tex/generic/pgf/utilities/pgfcalendar.code.tex))
) (/usr/share/texlive/texmf-dist/tex/latex/pgfplots/pgfplots.sty
(/usr/share/texlive/texmf-dist/tex/generic/pgfplots/pgfplots.revision.tex)
(/usr/share/texlive/texmf-dist/tex/generic/pgfplots/pgfplots.code.tex
(/usr/share/texlive/texmf-dist/tex/generic/pgfplots/pgfplotscore.code.tex
(/usr/share/texlive/texmf-dist/tex/generic/pgfplots/sys/pgfplotssysgeneric.code
.tex))
(/usr/share/texlive/texmf-dist/tex/generic/pgfplots/libs/pgfplotslibrary.code.t
ex)
(/usr/share/texlive/texmf-dist/tex/generic/pgfplots/oldpgfcompatib/pgfplotsoldp
gfsupp_loader.code.tex
(/usr/share/texlive/texmf-dist/tex/generic/pgf/libraries/pgflibraryfpu.code.tex
)
Package pgfplots: loading complementary utilities for your pgf version...

(/usr/share/texlive/texmf-dist/tex/generic/pgfplots/oldpgfcompatib/pgfplotsoldp
gfsupp_pgfutil-common-lists.tex))
(/usr/share/texlive/texmf-dist/tex/generic/pgfplots/util/pgfplotsutil.code.tex
(/usr/share/texlive/texmf-dist/tex/generic/pgfplots/liststructure/pgfplotslists
tructure.code.tex)
(/usr/share/texlive/texmf-dist/tex/generic/pgfplots/liststructure/pgfplotslists
tructureext.code.tex)
(/usr/share/texlive/texmf-dist/tex/generic/pgfplots/liststructure/pgfplotsarray
.code.tex)
(/usr/share/texlive/texmf-dist/tex/generic/pgfplots/liststructure/pgfplotsmatri
x.code.tex)
(/usr/share/texlive/texmf-dist/tex/generic/pgfplots/numtable/pgfplotstableshare
d.code.tex)
(/usr/share/texlive/texmf-dist/tex/generic/pgfplots/liststructure/pgfplotsdeque
.code.tex)
(/usr/share/texlive/texmf-dist/tex/generic/pgfplots/util/pgfplotsbinary.code.te
x
(/usr/share/texlive/texmf-dist/tex/generic/pgfplots/util/pgfplotsbinary.data.co
de.tex))
(/usr/share/texlive/texmf-dist/tex/generic/pgfplots/util/pgfplotsutil.verb.code
.tex)
(/usr/share/texlive/texmf-dist/tex/generic/pgfplots/libs/pgflibrarypgfplots.sur
fshading.code.tex
(/usr/share/texlive/texmf-dist/tex/generic/pgfplots/sys/pgflibrarypgfplots.surf
shading.pgfsys-pdftex.def)))
(/usr/share/texlive/texmf-dist/tex/generic/pgfplots/util/pgfplotscolormap.code.
tex
(/usr/share/texlive/texmf-dist/tex/generic/pgfplots/util/pgfplotscolor.code.tex
))
(/usr/share/texlive/texmf-dist/tex/generic/pgfplots/pgfplotsstackedplots.code.t
ex)
(/usr/share/texlive/texmf-dist/tex/generic/pgfplots/pgfplotsplothandlers.code.t
ex
(/usr/share/texlive/texmf-dist/tex/generic/pgfplots/pgfplotsmeshplothandler.cod
e.tex
(/usr/share/texlive/texmf-dist/tex/generic/pgfplots/pgfplotsmeshplotimage.code.
tex)))
(/usr/share/texlive/texmf-dist/tex/generic/pgfplots/pgfplots.scaling.code.tex)
(/usr/share/texlive/texmf-dist/tex/generic/pgfplots/pgfplotscoordprocessing.cod
e.tex)
(/usr/share/texlive/texmf-dist/tex/generic/pgfplots/pgfplots.errorbars.code.tex
) (/usr/share/texlive/texmf-dist/tex/generic/pgfplots/pgfplots.markers.code.tex
) (/usr/share/texlive/texmf-dist/tex/generic/pgfplots/pgfplotsticks.code.tex)
(/usr/share/texlive/texmf-dist/tex/generic/pgfplots/pgfplots.paths.code.tex)
(/usr/share/texlive/texmf-dist/tex/generic/pgf/frontendlayer/tikz/libraries/tik
zlibrarydecorations.code.tex
(/usr/share/texlive/texmf-dist/tex/generic/pgf/modules/pgfmoduledecorations.cod
e.tex))
(/usr/share/texlive/texmf-dist/tex/generic/pgf/frontendlayer/tikz/libraries/tik
zlibrarydecorations.pathmorphing.code.tex
(/usr/share/texlive/texmf-dist/tex/generic/pgf/libraries/decorations/pgflibrary
decorations.pathmorphing.code.tex))
(/usr/share/texlive/texmf-dist/tex/generic/pgf/frontendlayer/tikz/libraries/tik
zlibrarydecorations.pathreplacing.code.tex
(/usr/share/texlive/texmf-dist/tex/generic/pgf/libraries/decorations/pgflibrary
decorations.pathreplacing.code.tex))
(/usr/share/texlive/texmf-dist/tex/generic/pgfplots/libs/tikzlibrarypgfplots.co
ntourlua.code.tex))
(/usr/share/texlive/texmf-dist/tex/generic/pgf/frontendlayer/tikz/libraries/tik
zlibraryplotmarks.code.tex
(/usr/share/texlive/texmf-dist/tex/generic/pgf/libraries/pgflibraryplotmarks.co
de.tex))) (/usr/share/texlive/texmf-dist/tex/latex/hyperref/hyperref.sty
(/usr/share/texlive/texmf-dist/tex/generic/kvdefinekeys/kvdefinekeys.sty)
(/usr/share/texlive/texmf-dist/tex/generic/pdfescape/pdfescape.sty)
(/usr/share/texlive/texmf-dist/tex/latex/hycolor/hycolor.sty)
(/usr/share/texlive/texmf-dist/tex/latex/auxhook/auxhook.sty)
(/usr/share/texlive/texmf-dist/tex/latex/hyperref/nameref.sty
(/usr/share/texlive/texmf-dist/tex/latex/refcount/refcount.sty)
(/usr/share/texlive/texmf-dist/tex/generic/gettitlestring/gettitlestring.sty))
(/usr/share/texlive/texmf-dist/tex/latex/hyperref/pd1enc.def)
(/usr/share/texlive/texmf-dist/tex/generic/intcalc/intcalc.sty)
(/usr/share/texlive/texmf-dist/tex/latex/hyperref/puenc.def)
(/usr/share/texlive/texmf-dist/tex/latex/url/url.sty)
(/usr/share/texlive/texmf-dist/tex/generic/bitset/bitset.sty
(/usr/share/texlive/texmf-dist/tex/generic/bigintcalc/bigintcalc.sty))
(/usr/share/texlive/texmf-dist/tex/latex/base/atbegshi-ltx.sty))
(/usr/share/texlive/texmf-dist/tex/latex/hyperref/hpdftex.def
(/usr/share/texlive/texmf-dist/tex/latex/base/atveryend-ltx.sty)
(/usr/share/texlive/texmf-dist/tex/latex/rerunfilecheck/rerunfilecheck.sty
(/usr/share/texlive/texmf-dist/tex/generic/uniquecounter/uniquecounter.sty)))
(/usr/share/texlive/texmf-dist/tex/latex/biblatex/biblatex.sty
(/usr/share/texlive/texmf-dist/tex/latex/logreq/logreq.sty
(/usr/share/texlive/texmf-dist/tex/latex/logreq/logreq.def))
(/usr/share/texlive/texmf-dist/tex/latex/biblatex/blx-dm.def)
(/usr/share/texlive/texmf-dist/tex/latex/biblatex-apa/apa.dbx)
(/usr/share/texlive/texmf-dist/tex/latex/biblatex/blx-compat.def)
(/usr/share/texlive/texmf-dist/tex/latex/biblatex/biblatex.def)
(/usr/share/texlive/texmf-dist/tex/latex/biblatex-apa/apa.bbx
(/usr/share/texlive/texmf-dist/tex/latex/biblatex/bbx/standard.bbx))
(/usr/share/texlive/texmf-dist/tex/latex/biblatex-apa/apa.cbx)
(/usr/share/texlive/texmf-dist/tex/latex/biblatex/biblatex.cfg)
(/usr/share/texlive/texmf-dist/tex/latex/biblatex/blx-case-expl3.sty))
(build/main.aux)
(/usr/share/texlive/texmf-dist/tex/latex/translations/translations-basic-dictio
nary-english.trsl)
(/usr/share/texlive/texmf-dist/tex/context/base/mkii/supp-pdf.mkii
[Loading MPS to PDF converter (version 2006.09.02).]
) (/usr/share/texlive/texmf-dist/tex/latex/epstopdf-pkg/epstopdf-base.sty
(/usr/share/texlive/texmf-dist/tex/latex/latexconfig/epstopdf-sys.cfg))
(build/main.glsdefs)
(/usr/share/texlive/texmf-dist/tex/latex/translator/translator-months-dictionar
y-English.dict)
*geometry* driver: auto-detecting
*geometry* detected driver: pdftex
Package pgfplots notification 'compat/show suggested version=true': document ha
s been generated with the most recent feature set (\pgfplotsset{compat=1.18}).

(./main.out) (./main.out)
(/usr/share/texlive/texmf-dist/tex/latex/biblatex-apa/english-apa.lbx
(/usr/share/texlive/texmf-dist/tex/latex/biblatex/lbx/english.lbx)
(/usr/share/texlive/texmf-dist/tex/latex/biblatex-apa/american-apa.lbx
(/usr/share/texlive/texmf-dist/tex/latex/biblatex/lbx/american.lbx
(/usr/share/texlive/texmf-dist/tex/latex/biblatex/lbx/english.lbx))))
(build/main.bbl) (./frontmatter/frontmatter.tex (./frontmatter/glossary.tex)
1: section

LaTeX Font Warning: Font shape `T1/cmbr/b/sc' undefined
(Font)              using `T1/cmbr/b/n' instead on input line 12.


Underfull \hbox (badness 10000) in paragraph at lines 12--12

[1{/var/lib/texmf/fonts/map/pdftex/updmap/pdftex.map}{/usr/share/texmf/fonts/en
c/dvips/cm-super/cm-super-t1.enc} <.//frontmatter/assets/isep_logo.pdf>]
[2]
--------------------
 Statement of Integrity
--------------------

Underfull \hbox (badness 10000) in paragraph at lines 18--19


Underfull \hbox (badness 10000) in paragraph at lines 18--19


Underfull \hbox (badness 10000) in paragraph at lines 18--19


Underfull \hbox (badness 10000) in paragraph at lines 18--19

1: section
(/usr/share/texlive/texmf-dist/tex/latex/cmbright/ot1cmbr.fd)
(/usr/share/texlive/texmf-dist/tex/latex/cmbright/omlcmbrm.fd)
(/usr/share/texlive/texmf-dist/tex/latex/cmbright/omscmbrs.fd)
(/usr/share/texmf/tex/latex/lm/omxlmex.fd) [3] [4]
--------------------
 Abstract
--------------------

(/usr/share/texlive/texmf-dist/tex/generic/babel/locale/pt/babel-portuguese.tex
)

Package biblatex Warning: No localisation for language 'portuguese' loaded.
(biblatex)                Please rerun LaTeX to ensure languages can
(biblatex)                be requested properly.

1: section
[5] [6]
--------------------
 \bbl@nocaption@i{abstractname}{portugueseabstractname}
--------------------
1: section
[7] [8] (./main.toc
1: section
[9] [10] [11]) [12] (./main.lof)
1: section
[13] [14] (./main.lot)
No file main.acr.
1: section
[15] [16]
1: section
) (./ch1/chapter1.tex
Chapter 1.
1: section
[1] [2] [3] (/usr/share/texlive/texmf-dist/tex/latex/cmbright/ts1cmbr.fd)
[4{/usr/share/texmf/fonts/enc/dvips/cm-super/cm-super-ts1.enc}] [5]
Overfull \hbox (13.44377pt too wide) in paragraph at lines 100--101
[]\T1/cmbr/m/n/10.95 (-20) Evaluation of can-di-date tools (in-clud-ing Prometh
eus []Volz,
[6]

LaTeX Warning: Reference `chap:current_state' on page 7 undefined on input line
 121.


LaTeX Warning: Reference `chap:literature' on page 7 undefined on input line 12
1.


LaTeX Warning: Reference `chap:planning' on page 7 undefined on input line 121.



LaTeX Warning: Reference `chap:design' on page 7 undefined on input line 121.


LaTeX Warning: Reference `chap:implementation' on page 7 undefined on input lin
e 121.


LaTeX Warning: Reference `chap:evaluation' on page 7 undefined on input line 12
1.


LaTeX Warning: Reference `chap:conclusion' on page 7 undefined on input line 12
1.

) (./ch2_current_state/chapter2.tex [7] [8]
Chapter 2.
(/usr/share/texlive/texmf-dist/tex/latex/cmbright/t1cmtl.fd)

LaTeX Font Warning: Font shape `T1/cmbr/m/sc' undefined
(Font)              using `T1/cmbr/m/n' instead on input line 20.


LaTeX Warning: Reference `tab:baseline-server-inventory' on page 9 undefined on
 input line 26.


LaTeX Warning: Reference `tab:baseline-service-inventory' on page 9 undefined o
n input line 26.


Underfull \hbox (badness 3601) in paragraph at lines 57--58
[]|\T1/cmbr/m/n/10.95 (+20) Orchestrates pipeline work-flows, sched-ules
1: section
[9] [10 <./ch2_current_state/assets/baseline-architecture.pdf>] [11])
(./ch2_literature/chapter2.tex [12]
Chapter 3.

LaTeX Warning: Reference `chap:introduction' on page 13 undefined on input line
 8.

1: section
[13] [14]

LaTeX Warning: Reference `fig:prisma-flow' on page 15 undefined on input line 6
5.

[15 <./ch2_literature/assets/prisma.pdf>]

LaTeX Warning: Reference `sec:instrumentation-assumptions' on page 16 undefined
 on input line 80.

[16] [17] [18] [19] [20]

LaTeX Warning: Reference `chap:introduction' on page 21 undefined on input line
 138.

[21]

LaTeX Warning: Reference `sec:instrumentation-assumptions' on page 22 undefined
 on input line 147.


LaTeX Warning: Reference `sec:identified-gaps' on page 22 undefined on input li
ne 147.


LaTeX Warning: Reference `sec:instrumentation-assumptions' on page 22 undefined
 on input line 156.


LaTeX Warning: Reference `sec:evaluation-practices' on page 22 undefined on inp
ut line 156.


LaTeX Warning: Reference `sec:environment-mismatch' on page 22 undefined on inp
ut line 156.

[22]

LaTeX Warning: Reference `sec:instrumentation-assumptions' on page 23 undefined
 on input line 165.


LaTeX Warning: Reference `sec:environment-mismatch' on page 23 undefined on inp
ut line 165.


LaTeX Warning: Reference `sec:identified-gaps' on page 23 undefined on input li
ne 165.

[23]

LaTeX Warning: Reference `sec:rq-mapping' on page 24 undefined on input line 17
8.


LaTeX Warning: Reference `sec:rq1-mapping' on page 24 undefined on input line 1
78.


LaTeX Warning: Reference `sec:rq2-mapping' on page 24 undefined on input line 1
78.


LaTeX Warning: Reference `sec:rq3-mapping' on page 24 undefined on input line 1
78.

) (./ch3_planning/chapter3.tex [24]
Chapter 4.

LaTeX Warning: Reference `chap:introduction' on page 25 undefined on input line
 5.


LaTeX Warning: Reference `chap:literature' on page 25 undefined on input line 5
.


LaTeX Warning: Reference `chap:introduction' on page 25 undefined on input line
 9.


LaTeX Warning: Reference `chap:literature' on page 25 undefined on input line 9
.

1: section
[25] [26]
Underfull \hbox (badness 2134) in paragraph at lines 102--102
[]|\T1/cmbr/bx/n/9 (+20) C3: Tech-ni-cal com-

Underfull \hbox (badness 5652) in paragraph at lines 103--103
[]|\T1/cmbr/m/n/9 (+20) Intermediate: aca-demic

Overfull \hbox (10.56425pt too wide) in paragraph at lines 89--108
 [][] 

Underfull \hbox (badness 3503) in paragraph at lines 128--129
[]|\T1/cmbr/m/n/9 (+20) Evaluation pro-to-col is re-pro-
[27] [28]
Underfull \hbox (badness 10000) in paragraph at lines 166--167
[]|\T1/cmbr/m/n/9 (+20) A1--A3 (ar-chi-tec-ture,

Underfull \hbox (badness 1173) in paragraph at lines 170--171
\T1/cmbr/m/n/9 (+20) and dataset); pre-lim-i-

Underfull \hbox (badness 10000) in paragraph at lines 174--175
[]|\T1/cmbr/m/n/9 (+20) A5 (doc-u-men-ta-tion

Underfull \hbox (badness 10000) in paragraph at lines 174--175
\T1/cmbr/m/n/9 (+20) pack-age); com-pleted

Overfull \hbox (10.56427pt too wide) in paragraph at lines 152--177
 [][] 

Underfull \hbox (badness 5504) in paragraph at lines 194--195
[]|\T1/cmbr/m/n/9 (+20) Deployment is re-peat-able; core

Overfull \hbox (2.08353pt too wide) in paragraph at lines 188--203
 [][] 
[29] [30]

LaTeX Font Warning: Font shape `T1/cmbr/bx/n' in size <8> not available
(Font)              Font shape `T1/cmbr/sb/n' tried instead on input line 297.


Underfull \hbox (badness 10000) in paragraph at lines 299--299
\T1/cmbr/m/n/8 (+20) re-quired ca-pa-bil-ity

Underfull \hbox (badness 10000) in paragraph at lines 299--299
\T1/cmbr/m/n/8 (+20) miss-ing; un-sta-ble

Underfull \hbox (badness 2253) in paragraph at lines 299--300
[]|\T1/cmbr/m/n/8 (+20) Run early proof-of-

Underfull \hbox (badness 10000) in paragraph at lines 299--300
\T1/cmbr/m/n/8 (+20) concept; eval-u-ate

Underfull \hbox (badness 10000) in paragraph at lines 299--300
\T1/cmbr/m/n/8 (+20) al-ter-na-tives; keep

Underfull \hbox (badness 10000) in paragraph at lines 299--300
\T1/cmbr/m/n/8 (+20) fall-back op-tions;

Underfull \hbox (badness 10000) in paragraph at lines 299--300
\T1/cmbr/m/n/8 (+20) freeze a min-i-mal

Underfull \hbox (badness 10000) in paragraph at lines 299--300
\T1/cmbr/m/n/8 (+20) vi-able ar-chi-tec-ture

Underfull \hbox (badness 10000) in paragraph at lines 301--301
[]|\T1/cmbr/m/n/8 (+20) Telemetry pipeline qual-ity

Underfull \hbox (badness 10000) in paragraph at lines 301--301
\T1/cmbr/m/n/8 (+20) for the planned di-ag-no-sis

Underfull \hbox (badness 7273) in paragraph at lines 301--301
\T1/cmbr/m/n/8 (+20) ti-fiers; CPU/mem-

Underfull \hbox (badness 2418) in paragraph at lines 301--301
\T1/cmbr/m/n/8 (+20) agreed bounds; la-

Underfull \hbox (badness 1189) in paragraph at lines 301--301
\T1/cmbr/m/n/8 (+20) yond base-line tol-er-

Underfull \hbox (badness 4036) in paragraph at lines 301--302
[]|\T1/cmbr/m/n/8 (+20) Validate cor-re-la-tion

Underfull \hbox (badness 10000) in paragraph at lines 301--302
\T1/cmbr/m/n/8 (+20) end-to-end early;

Underfull \hbox (badness 10000) in paragraph at lines 301--302
\T1/cmbr/m/n/8 (+20) tune con-fig-u-ra-tion

Underfull \hbox (badness 10000) in paragraph at lines 301--302
\T1/cmbr/m/n/8 (+20) men-ta-tion; bound

Underfull \hbox (badness 1796) in paragraph at lines 303--303
\T1/cmbr/m/n/8 (+20) peated en-vi-ron-ment

Underfull \hbox (badness 1122) in paragraph at lines 303--304
[]|\T1/cmbr/m/n/8 (+20) Use stag-ing as pri-

Underfull \hbox (badness 1596) in paragraph at lines 303--304
\T1/cmbr/m/n/8 (+20) mary tar-get; par-al-

Underfull \hbox (badness 7613) in paragraph at lines 305--306
\T1/cmbr/m/n/8 (+20) ing out-put; draft

Underfull \hbox (badness 10000) in paragraph at lines 305--306
\T1/cmbr/m/n/8 (+20) chap-ters in-cre-men-

Underfull \hbox (badness 8170) in paragraph at lines 305--306
\T1/cmbr/m/n/8 (+20) tally; lock re-view

Underfull \hbox (badness 10000) in paragraph at lines 305--306
\T1/cmbr/m/n/8 (+20) dates; de-scope

Underfull \hbox (badness 10000) in paragraph at lines 305--306
\T1/cmbr/m/n/8 (+20) pro-tect sub-mis-sion

Underfull \hbox (badness 3323) in paragraph at lines 307--307
\T1/cmbr/m/n/8 (+20) re-ca-tions im-pact-ing

Underfull \hbox (badness 10000) in paragraph at lines 307--308
\T1/cmbr/m/n/8 (+20) asyn-chronous re-

Underfull \hbox (badness 3482) in paragraph at lines 307--308
\T1/cmbr/m/n/8 (+20) views; com-ple-ment

Underfull \hbox (badness 5388) in paragraph at lines 307--308
\T1/cmbr/m/n/8 (+20) with ad-vi-sor/-ex-pert

Underfull \hbox (badness 10000) in paragraph at lines 307--308
\T1/cmbr/m/n/8 (+20) re-view; choose

Underfull \hbox (badness 10000) in paragraph at lines 307--308
\T1/cmbr/m/n/8 (+20) con-ser-va-tive com-

Underfull \hbox (badness 2158) in paragraph at lines 307--308
\T1/cmbr/m/n/8 (+20) po-nents; doc-u-ment

Underfull \hbox (badness 10000) in paragraph at lines 307--308
\T1/cmbr/m/n/8 (+20) as-sump-tions and

Overfull \hbox (42.32062pt too wide) in paragraph at lines 295--310
 [][] 
) (./ch4_design/chapter4.tex [31] [32]
Chapter 5.
1: section
[33] [34] [35] [36]

LaTeX Warning: Reference `tab:stack_comparison' on page 37 undefined on input l
ine 197.


Overfull \hbox (82.80025pt too wide) in paragraph at lines 203--212
 [][] 
[37] [38] [39] [40] [41] [42]) (./ch5_implementation/chapter5.tex [43] [44]
Chapter 6.
1: section
[45]) (./ch6_evaluation/chapter6.tex [46]
Chapter 7.
1: section
[47]) (./ch5_conclusion/chapter5.tex [48]
Chapter 8.

LaTeX Warning: Reference `chap:introduction' on page 49 undefined on input line
 10.


LaTeX Warning: Reference `chap:current_state' on page 49 undefined on input lin
e 12.


LaTeX Warning: Reference `chap:literature' on page 49 undefined on input line 1
4.


LaTeX Warning: Reference `chap:planning' on page 49 undefined on input line 16.



LaTeX Warning: Reference `chap:design' on page 49 undefined on input line 16.


LaTeX Warning: Reference `chap:implementation' on page 49 undefined on input li
ne 16.


LaTeX Warning: Reference `chap:evaluation' on page 49 undefined on input line 1
6.

1: section
[49]) [50]
1: section
[51] [52] [53] (build/main.aux)

LaTeX Font Warning: Some font shapes were not available, defaults substituted.


LaTeX Warning: There were undefined references.


LaTeX Warning: Label(s) may have changed. Rerun to get cross-references right.


Package rerunfilecheck Warning: File `main.out' has changed.
(rerunfilecheck)                Rerun to get outlines right
(rerunfilecheck)                or use package `bookmark'.


Package biblatex Warning: Please (re)run Biber on the file:
(biblatex)                main
(biblatex)                and rerun LaTeX afterwards.

 )
(see the transcript file for additional information)</usr/share/texlive/texmf-d
ist/fonts/type1/public/hfbright/hfbrsy10.pfb></usr/share/texmf/fonts/type1/publ
ic/cm-super/sfbbx10.pfb></usr/share/texmf/fonts/type1/public/cm-super/sfbmo10.p
fb></usr/share/texmf/fonts/type1/public/cm-super/sfbmr10.pfb></usr/share/texmf/
fonts/type1/public/cm-super/sfbmr8.pfb></usr/share/texmf/fonts/type1/public/cm-
super/sfbmr9.pfb></usr/share/texmf/fonts/type1/public/cm-super/sfbsr8.pfb></usr
/share/texmf/fonts/type1/public/cm-super/sfbtl10.pfb>
Output written on build/main.pdf (69 pages, 520034 bytes).
Transcript written on build/main.log.
Latexmk: Getting log file 'build/main.log'
Latexmk: Examining 'build/main.fls'
Latexmk: Examining 'build/main.log'
Latexmk: Found input bbl file 'build/main.bbl'
Latexmk: References changed.
Latexmk: References changed.
Latexmk: Log file says output to 'build/main.pdf'
Latexmk: Bibliography file(s) from .bcf file:
  mainbibliography.bib
Latexmk: applying rule 'cusdep acn acr main'...
Rule 'cusdep acn acr main':  Reasons for rerun
Changed files or newly in use/created:
  main.acn
Category 'changed_user':
  main.acn
Category 'no_dest':
  cusdep acn acr main

------------
Run number 1 of rule 'cusdep acn acr main'
------------
makeglossaries version 4.53 (2023-09-29)
Changed to './'
added glossary type 'main' (glg,gls,glo)
added glossary type 'acronym' (alg,acr,acn)
makeindex  -s "main.ist" -t "main.alg" -o "main.acr" "main.acn"
This is makeindex, version 2.17 [TeX Live 2023] (kpathsea + Thai support).
Scanning style file ./main.ist...........................done (27 attributes redefined, 0 ignored).
Scanning input file main.acn....done (130 entries accepted, 0 rejected).
Sorting entries....done (977 comparisons).
Generating output file main.acr....done (56 lines written, 0 warnings).
Output written in main.acr.
Transcript written in main.alg.
makeindex  -s "main.ist" -t "main.glg" -o "main.gls" "main.glo"
This is makeindex, version 2.17 [TeX Live 2023] (kpathsea + Thai support).
Scanning style file ./main.ist...........................done (27 attributes redefined, 0 ignored).
Scanning input file main.glo....done (5 entries accepted, 0 rejected).
Sorting entries....done (11 comparisons).
Generating output file main.gls....done (8 lines written, 0 warnings).
Output written in main.gls.
Transcript written in main.glg.
Latexmk: applying rule 'biber build/main'...
Rule 'biber build/main':  Reasons for rerun
Category 'other':
  Rerun of 'biber build/main' forced or previously required:
    Reason or flag: 'Initial set up of rule'

------------
Run number 1 of rule 'biber build/main'
------------
------------
Running 'biber  "build/main.bcf"'
------------
INFO - This is Biber 2.19
INFO - Logfile is 'build/main.blg'
INFO - Reading 'build/main.bcf'
INFO - Found 42 citekeys in bib section 0
INFO - Processing section 0
INFO - Looking for bibtex file 'mainbibliography.bib' for section 0
INFO - LaTeX decoding ...
INFO - Found BibTeX data source 'mainbibliography.bib'
INFO - Overriding locale 'en-US' defaults 'variable = shifted' with 'variable = non-ignorable'
INFO - Overriding locale 'en-US' defaults 'normalization = NFD' with 'normalization = prenormalized'
INFO - Sorting list 'apa/apasortcite//global/global' of type 'entry' with template 'apa' and locale 'en-US'
INFO - No sort tailoring available for locale 'en-US'
INFO - Overriding locale 'en-US' defaults 'variable = shifted' with 'variable = non-ignorable'
INFO - Overriding locale 'en-US' defaults 'normalization = NFD' with 'normalization = prenormalized'
INFO - Sorting list 'apa/global//global/global' of type 'entry' with template 'apa' and locale 'en-US'
INFO - No sort tailoring available for locale 'en-US'
INFO - Writing 'build/main.bbl' with encoding 'UTF-8'
INFO - Output to build/main.bbl
Latexmk: Found biber source file(s) [build/main.bcf, mainbibliography.bib]
Latexmk: applying rule 'cusdep acn acr build/main'...
Rule 'cusdep acn acr build/main':  Reasons for rerun
Changed files or newly in use/created:
  build/main.acn
Category 'no_dest':
  cusdep acn acr build/main

------------
Run number 1 of rule 'cusdep acn acr build/main'
------------
makeglossaries version 4.53 (2023-09-29)
Changed to 'build/'
added glossary type 'main' (glg,gls,glo)
added glossary type 'acronym' (alg,acr,acn)
makeindex  -s "main.ist" -t "main.glg" -o "main.gls" "main.glo"
This is makeindex, version 2.17 [TeX Live 2023] (kpathsea + Thai support).
Scanning style file ./main.ist...........................done (27 attributes redefined, 0 ignored).
Scanning input file main.glo....done (5 entries accepted, 0 rejected).
Sorting entries....done (11 comparisons).
Generating output file main.gls....done (8 lines written, 0 warnings).
Output written in main.gls.
Transcript written in main.glg.
makeindex  -s "main.ist" -t "main.alg" -o "main.acr" "main.acn"
This is makeindex, version 2.17 [TeX Live 2023] (kpathsea + Thai support).
Scanning style file ./main.ist...........................done (27 attributes redefined, 0 ignored).
Scanning input file main.acn....done (130 entries accepted, 0 rejected).
Sorting entries....done (979 comparisons).
Generating output file main.acr....done (55 lines written, 0 warnings).
Output written in main.acr.
Transcript written in main.alg.
Latexmk: applying rule 'pdflatex'...
Rule 'pdflatex':  Reasons for rerun
Changed files or newly in use/created:
  build/main.acr
  build/main.aux
  build/main.glsdefs
  build/main.out
  main.acr

------------
Run number 2 of rule 'pdflatex'
------------
------------
Running 'pdflatex -interaction=nonstopmode  -recorder -output-directory="build"  "main.tex"'
------------
This is pdfTeX, Version 3.141592653-2.6-1.40.25 (TeX Live 2023/Debian) (preloaded format=pdflatex)
 restricted \write18 enabled.
entering extended mode
(./main.tex
LaTeX2e <2023-11-01> patch level 1
L3 programming layer <2024-01-22>
(./tmdei-style.cls
Document Class: tmdei-style 
(/usr/share/texlive/texmf-dist/tex/latex/etoolbox/etoolbox.sty)
(/usr/share/texlive/texmf-dist/tex/latex/l3packages/xparse/xparse.sty
(/usr/share/texlive/texmf-dist/tex/latex/l3kernel/expl3.sty
(/usr/share/texlive/texmf-dist/tex/latex/l3backend/l3backend-pdftex.def)))
(/usr/share/texlive/texmf-dist/tex/latex/base/book.cls
Document Class: book 2023/05/17 v1.4n Standard LaTeX document class
(/usr/share/texlive/texmf-dist/tex/latex/base/bk11.clo))
(/usr/share/texlive/texmf-dist/tex/latex/parskip/parskip.sty
(/usr/share/texlive/texmf-dist/tex/latex/kvoptions/kvoptions.sty
(/usr/share/texlive/texmf-dist/tex/latex/graphics/keyval.sty)
(/usr/share/texlive/texmf-dist/tex/generic/ltxcmds/ltxcmds.sty)
(/usr/share/texlive/texmf-dist/tex/latex/kvsetkeys/kvsetkeys.sty)))
(/usr/share/texlive/texmf-dist/tex/generic/babel/babel.sty
(/usr/share/texlive/texmf-dist/tex/generic/babel/txtbabel.def)
(/usr/share/texlive/texmf-dist/tex/generic/babel-english/english.ldf))
(/usr/share/texlive/texmf-dist/tex/generic/babel/locale/en/babel-english.tex)
(/usr/share/texlive/texmf-dist/tex/latex/koma-script/scrbase.sty
(/usr/share/texlive/texmf-dist/tex/latex/koma-script/scrlfile.sty
(/usr/share/texlive/texmf-dist/tex/latex/koma-script/scrlfile-hook.sty
(/usr/share/texlive/texmf-dist/tex/latex/koma-script/scrlogo.sty))))
(/usr/share/texlive/texmf-dist/tex/latex/koma-script/scrhack.sty
(/usr/share/texlive/texmf-dist/tex/latex/koma-script/scrkbase.sty)
(/usr/share/texlive/texmf-dist/tex/latex/xpatch/xpatch.sty))
(/usr/share/texlive/texmf-dist/tex/latex/setspace/setspace.sty)
(/usr/share/texlive/texmf-dist/tex/latex/koma-script/setspace.hak)
(/usr/share/texlive/texmf-dist/tex/latex/tools/longtable.sty)
(/usr/share/texlive/texmf-dist/tex/latex/siunitx/siunitx.sty
(/usr/share/texlive/texmf-dist/tex/latex/translations/translations.sty
(/usr/share/texlive/texmf-dist/tex/generic/pdftexcmds/pdftexcmds.sty
(/usr/share/texlive/texmf-dist/tex/generic/infwarerr/infwarerr.sty)
(/usr/share/texlive/texmf-dist/tex/generic/iftex/iftex.sty)))
(/usr/share/texlive/texmf-dist/tex/latex/amsmath/amstext.sty
(/usr/share/texlive/texmf-dist/tex/latex/amsmath/amsgen.sty))
(/usr/share/texlive/texmf-dist/tex/latex/tools/array.sty))
(/usr/share/texlive/texmf-dist/tex/latex/graphics/graphicx.sty
(/usr/share/texlive/texmf-dist/tex/latex/graphics/graphics.sty
(/usr/share/texlive/texmf-dist/tex/latex/graphics/trig.sty)
(/usr/share/texlive/texmf-dist/tex/latex/graphics-cfg/graphics.cfg)
(/usr/share/texlive/texmf-dist/tex/latex/graphics-def/pdftex.def)))
(/usr/share/texlive/texmf-dist/tex/latex/xcolor/xcolor.sty
(/usr/share/texlive/texmf-dist/tex/latex/graphics-cfg/color.cfg)
(/usr/share/texlive/texmf-dist/tex/latex/graphics/mathcolor.ltx))
(/usr/share/texlive/texmf-dist/tex/latex/graphics/dvipsnam.def)
(/usr/share/texlive/texmf-dist/tex/latex/booktabs/booktabs.sty)
(/usr/share/texlive/texmf-dist/tex/latex/base/inputenc.sty)
(/usr/share/texlive/texmf-dist/tex/latex/base/fontenc.sty)
(/usr/share/texmf/tex/latex/lm/lmodern.sty)
(/usr/share/texlive/texmf-dist/tex/latex/csquotes/csquotes.sty
(/usr/share/texlive/texmf-dist/tex/latex/csquotes/csquotes.def)
(/usr/share/texlive/texmf-dist/tex/latex/csquotes/csquotes.cfg))
(/usr/share/texlive/texmf-dist/tex/latex/cmbright/cmbright.sty
(/usr/share/texlive/texmf-dist/tex/latex/cmbright/t1cmbr.fd))
(/usr/share/texlive/texmf-dist/tex/latex/algorithms/algorithm.sty
(/usr/share/texlive/texmf-dist/tex/latex/float/float.sty)
(/usr/share/texlive/texmf-dist/tex/latex/koma-script/float.hak
(/usr/share/texlive/texmf-dist/tex/latex/koma-script/tocbasic.sty))
(/usr/share/texlive/texmf-dist/tex/latex/base/ifthen.sty))
(/usr/share/texlive/texmf-dist/tex/latex/algorithmicx/algpseudocode.sty
(/usr/share/texlive/texmf-dist/tex/latex/algorithmicx/algorithmicx.sty
Document Style algorithmicx 1.2 - a greatly improved `algorithmic' style
)
Document Style - pseudocode environments for use with the `algorithmicx' style
) (/usr/share/texlive/texmf-dist/tex/latex/listings/listings.sty
(/usr/share/texlive/texmf-dist/tex/latex/listings/lstmisc.sty)
(/usr/share/texlive/texmf-dist/tex/latex/listings/listings.cfg))
(/usr/share/texlive/texmf-dist/tex/latex/koma-script/listings.hak)
(/usr/share/texlive/texmf-dist/tex/latex/listings/lstlang1.sty)
(/usr/share/texlive/texmf-dist/tex/latex/glossaries/base/glossaries.sty
(/usr/share/texlive/texmf-dist/tex/latex/xkeyval/xkeyval.sty
(/usr/share/texlive/texmf-dist/tex/generic/xkeyval/xkeyval.tex
(/usr/share/texlive/texmf-dist/tex/generic/xkeyval/xkvutils.tex)))
(/usr/share/texlive/texmf-dist/tex/latex/mfirstuc/mfirstuc.sty)
(/usr/share/texlive/texmf-dist/tex/latex/xfor/xfor.sty)
(/usr/share/texlive/texmf-dist/tex/latex/datatool/datatool-base.sty
(/usr/share/texlive/texmf-dist/tex/latex/amsmath/amsmath.sty
For additional information on amsmath, use the `?' option.
(/usr/share/texlive/texmf-dist/tex/latex/amsmath/amsbsy.sty)
(/usr/share/texlive/texmf-dist/tex/latex/amsmath/amsopn.sty))
(/usr/share/texlive/texmf-dist/tex/latex/substr/substr.sty)
(/usr/share/texlive/texmf-dist/tex/latex/datatool/datatool-fp.sty
(/usr/share/texlive/texmf-dist/tex/latex/fp/fp.sty
`Fixed Point Package', Version 0.8, April 2, 1995 (C) Michael Mehlich
(/usr/share/texlive/texmf-dist/tex/latex/fp/defpattern.sty)
(/usr/share/texlive/texmf-dist/tex/latex/fp/fp-basic.sty)
(/usr/share/texlive/texmf-dist/tex/latex/fp/fp-addons.sty)
(/usr/share/texlive/texmf-dist/tex/latex/fp/fp-snap.sty)
(/usr/share/texlive/texmf-dist/tex/latex/fp/fp-exp.sty)
(/usr/share/texlive/texmf-dist/tex/latex/fp/fp-trigo.sty)
(/usr/share/texlive/texmf-dist/tex/latex/fp/fp-pas.sty)
(/usr/share/texlive/texmf-dist/tex/latex/fp/fp-random.sty)
(/usr/share/texlive/texmf-dist/tex/latex/fp/fp-eqn.sty)
(/usr/share/texlive/texmf-dist/tex/latex/fp/fp-upn.sty)
(/usr/share/texlive/texmf-dist/tex/latex/fp/fp-eval.sty))))
(/usr/share/texlive/texmf-dist/tex/latex/tracklang/tracklang.sty
(/usr/share/texlive/texmf-dist/tex/generic/tracklang/tracklang.tex))
(/usr/share/texlive/texmf-dist/tex/latex/translator/translator.sty)
(/usr/share/texlive/texmf-dist/tex/latex/glossaries-english/glossaries-english.
ldf)
(/usr/share/texlive/texmf-dist/tex/latex/glossaries/styles/glossary-hypernav.st
y) (/usr/share/texlive/texmf-dist/tex/latex/glossaries/styles/glossary-list.sty
) (/usr/share/texlive/texmf-dist/tex/latex/glossaries/styles/glossary-long.sty)
 (/usr/share/texlive/texmf-dist/tex/latex/glossaries/styles/glossary-super.sty
(/usr/share/texlive/texmf-dist/tex/latex/supertabular/supertabular.sty))
(/usr/share/texlive/texmf-dist/tex/latex/glossaries/styles/glossary-tree.sty))
(/usr/share/texlive/texmf-dist/tex/latex/caption/caption.sty
(/usr/share/texlive/texmf-dist/tex/latex/caption/caption3.sty)
(/usr/share/texlive/texmf-dist/tex/latex/caption/ltcaption.sty))
(/usr/share/texlive/texmf-dist/tex/latex/appendix/appendix.sty)
(/usr/share/texlive/texmf-dist/tex/latex/geometry/geometry.sty
(/usr/share/texlive/texmf-dist/tex/generic/iftex/ifvtex.sty))
(/usr/share/texlive/texmf-dist/tex/latex/microtype/microtype.sty
(/usr/share/texlive/texmf-dist/tex/latex/microtype/microtype-pdftex.def)
(/usr/share/texlive/texmf-dist/tex/latex/microtype/microtype.cfg))
(/usr/share/texlive/texmf-dist/tex/latex/koma-script/scrlayer-scrpage.sty
(/usr/share/texlive/texmf-dist/tex/latex/koma-script/scrlayer.sty))
1: chapter
1: chapter
1: section
) (/usr/share/texlive/texmf-dist/tex/latex/pgf/frontendlayer/tikz.sty
(/usr/share/texlive/texmf-dist/tex/latex/pgf/basiclayer/pgf.sty
(/usr/share/texlive/texmf-dist/tex/latex/pgf/utilities/pgfrcs.sty
(/usr/share/texlive/texmf-dist/tex/generic/pgf/utilities/pgfutil-common.tex)
(/usr/share/texlive/texmf-dist/tex/generic/pgf/utilities/pgfutil-latex.def)
(/usr/share/texlive/texmf-dist/tex/generic/pgf/utilities/pgfrcs.code.tex
(/usr/share/texlive/texmf-dist/tex/generic/pgf/pgf.revision.tex)))
(/usr/share/texlive/texmf-dist/tex/latex/pgf/basiclayer/pgfcore.sty
(/usr/share/texlive/texmf-dist/tex/latex/pgf/systemlayer/pgfsys.sty
(/usr/share/texlive/texmf-dist/tex/generic/pgf/systemlayer/pgfsys.code.tex
(/usr/share/texlive/texmf-dist/tex/generic/pgf/utilities/pgfkeys.code.tex
(/usr/share/texlive/texmf-dist/tex/generic/pgf/utilities/pgfkeyslibraryfiltered
.code.tex)) (/usr/share/texlive/texmf-dist/tex/generic/pgf/systemlayer/pgf.cfg)
(/usr/share/texlive/texmf-dist/tex/generic/pgf/systemlayer/pgfsys-pdftex.def
(/usr/share/texlive/texmf-dist/tex/generic/pgf/systemlayer/pgfsys-common-pdf.de
f)))
(/usr/share/texlive/texmf-dist/tex/generic/pgf/systemlayer/pgfsyssoftpath.code.
tex)
(/usr/share/texlive/texmf-dist/tex/generic/pgf/systemlayer/pgfsysprotocol.code.
tex))
(/usr/share/texlive/texmf-dist/tex/generic/pgf/basiclayer/pgfcore.code.tex
(/usr/share/texlive/texmf-dist/tex/generic/pgf/math/pgfmath.code.tex
(/usr/share/texlive/texmf-dist/tex/generic/pgf/math/pgfmathutil.code.tex)
(/usr/share/texlive/texmf-dist/tex/generic/pgf/math/pgfmathparser.code.tex)
(/usr/share/texlive/texmf-dist/tex/generic/pgf/math/pgfmathfunctions.code.tex)
(/usr/share/texlive/texmf-dist/tex/generic/pgf/math/pgfmathfunctions.basic.code
.tex)
(/usr/share/texlive/texmf-dist/tex/generic/pgf/math/pgfmathfunctions.trigonomet
ric.code.tex)
(/usr/share/texlive/texmf-dist/tex/generic/pgf/math/pgfmathfunctions.random.cod
e.tex)
(/usr/share/texlive/texmf-dist/tex/generic/pgf/math/pgfmathfunctions.comparison
.code.tex)
(/usr/share/texlive/texmf-dist/tex/generic/pgf/math/pgfmathfunctions.base.code.
tex)
(/usr/share/texlive/texmf-dist/tex/generic/pgf/math/pgfmathfunctions.round.code
.tex)
(/usr/share/texlive/texmf-dist/tex/generic/pgf/math/pgfmathfunctions.misc.code.
tex)
(/usr/share/texlive/texmf-dist/tex/generic/pgf/math/pgfmathfunctions.integerari
thmetics.code.tex)
(/usr/share/texlive/texmf-dist/tex/generic/pgf/math/pgfmathcalc.code.tex)
(/usr/share/texlive/texmf-dist/tex/generic/pgf/math/pgfmathfloat.code.tex))
(/usr/share/texlive/texmf-dist/tex/generic/pgf/math/pgfint.code.tex)
(/usr/share/texlive/texmf-dist/tex/generic/pgf/basiclayer/pgfcorepoints.code.te
x)
(/usr/share/texlive/texmf-dist/tex/generic/pgf/basiclayer/pgfcorepathconstruct.
code.tex)
(/usr/share/texlive/texmf-dist/tex/generic/pgf/basiclayer/pgfcorepathusage.code
.tex)
(/usr/share/texlive/texmf-dist/tex/generic/pgf/basiclayer/pgfcorescopes.code.te
x)
(/usr/share/texlive/texmf-dist/tex/generic/pgf/basiclayer/pgfcoregraphicstate.c
ode.tex)
(/usr/share/texlive/texmf-dist/tex/generic/pgf/basiclayer/pgfcoretransformation
s.code.tex)
(/usr/share/texlive/texmf-dist/tex/generic/pgf/basiclayer/pgfcorequick.code.tex
)
(/usr/share/texlive/texmf-dist/tex/generic/pgf/basiclayer/pgfcoreobjects.code.t
ex)
(/usr/share/texlive/texmf-dist/tex/generic/pgf/basiclayer/pgfcorepathprocessing
.code.tex)
(/usr/share/texlive/texmf-dist/tex/generic/pgf/basiclayer/pgfcorearrows.code.te
x)
(/usr/share/texlive/texmf-dist/tex/generic/pgf/basiclayer/pgfcoreshade.code.tex
)
(/usr/share/texlive/texmf-dist/tex/generic/pgf/basiclayer/pgfcoreimage.code.tex
)
(/usr/share/texlive/texmf-dist/tex/generic/pgf/basiclayer/pgfcoreexternal.code.
tex)
(/usr/share/texlive/texmf-dist/tex/generic/pgf/basiclayer/pgfcorelayers.code.te
x)
(/usr/share/texlive/texmf-dist/tex/generic/pgf/basiclayer/pgfcoretransparency.c
ode.tex)
(/usr/share/texlive/texmf-dist/tex/generic/pgf/basiclayer/pgfcorepatterns.code.
tex)
(/usr/share/texlive/texmf-dist/tex/generic/pgf/basiclayer/pgfcorerdf.code.tex))
)
(/usr/share/texlive/texmf-dist/tex/generic/pgf/modules/pgfmoduleshapes.code.tex
) (/usr/share/texlive/texmf-dist/tex/generic/pgf/modules/pgfmoduleplot.code.tex
)
(/usr/share/texlive/texmf-dist/tex/latex/pgf/compatibility/pgfcomp-version-0-65
.sty)
(/usr/share/texlive/texmf-dist/tex/latex/pgf/compatibility/pgfcomp-version-1-18
.sty)) (/usr/share/texlive/texmf-dist/tex/latex/pgf/utilities/pgffor.sty
(/usr/share/texlive/texmf-dist/tex/latex/pgf/utilities/pgfkeys.sty
(/usr/share/texlive/texmf-dist/tex/generic/pgf/utilities/pgfkeys.code.tex))
(/usr/share/texlive/texmf-dist/tex/latex/pgf/math/pgfmath.sty
(/usr/share/texlive/texmf-dist/tex/generic/pgf/math/pgfmath.code.tex))
(/usr/share/texlive/texmf-dist/tex/generic/pgf/utilities/pgffor.code.tex))
(/usr/share/texlive/texmf-dist/tex/generic/pgf/frontendlayer/tikz/tikz.code.tex

(/usr/share/texlive/texmf-dist/tex/generic/pgf/libraries/pgflibraryplothandlers
.code.tex)
(/usr/share/texlive/texmf-dist/tex/generic/pgf/modules/pgfmodulematrix.code.tex
)
(/usr/share/texlive/texmf-dist/tex/generic/pgf/frontendlayer/tikz/libraries/tik
zlibrarytopaths.code.tex)))
(/usr/share/texlive/texmf-dist/tex/latex/pgfgantt/pgfgantt.sty
(/usr/share/texlive/texmf-dist/tex/generic/pgf/frontendlayer/tikz/libraries/tik
zlibraryarrows.code.tex
(/usr/share/texlive/texmf-dist/tex/generic/pgf/libraries/pgflibraryarrows.code.
tex))
(/usr/share/texlive/texmf-dist/tex/generic/pgf/frontendlayer/tikz/libraries/tik
zlibrarybackgrounds.code.tex)
(/usr/share/texlive/texmf-dist/tex/generic/pgf/frontendlayer/tikz/libraries/tik
zlibrarycalc.code.tex)
(/usr/share/texlive/texmf-dist/tex/generic/pgf/frontendlayer/tikz/libraries/tik
zlibrarypatterns.code.tex
(/usr/share/texlive/texmf-dist/tex/generic/pgf/libraries/pgflibrarypatterns.cod
e.tex))
(/usr/share/texlive/texmf-dist/tex/generic/pgf/frontendlayer/tikz/libraries/tik
zlibrarypositioning.code.tex)
(/usr/share/texlive/texmf-dist/tex/generic/pgf/frontendlayer/tikz/libraries/tik
zlibraryshapes.geometric.code.tex
(/usr/share/texlive/texmf-dist/tex/generic/pgf/libraries/shapes/pgflibraryshape
s.geometric.code.tex))
(/usr/share/texlive/texmf-dist/tex/latex/pgf/utilities/pgfcalendar.sty
(/usr/share/texlive/texmf-dist/tex/generic/pgf/utilities/pgfcalendar.code.tex))
) (/usr/share/texlive/texmf-dist/tex/latex/pgfplots/pgfplots.sty
(/usr/share/texlive/texmf-dist/tex/generic/pgfplots/pgfplots.revision.tex)
(/usr/share/texlive/texmf-dist/tex/generic/pgfplots/pgfplots.code.tex
(/usr/share/texlive/texmf-dist/tex/generic/pgfplots/pgfplotscore.code.tex
(/usr/share/texlive/texmf-dist/tex/generic/pgfplots/sys/pgfplotssysgeneric.code
.tex))
(/usr/share/texlive/texmf-dist/tex/generic/pgfplots/libs/pgfplotslibrary.code.t
ex)
(/usr/share/texlive/texmf-dist/tex/generic/pgfplots/oldpgfcompatib/pgfplotsoldp
gfsupp_loader.code.tex
(/usr/share/texlive/texmf-dist/tex/generic/pgf/libraries/pgflibraryfpu.code.tex
)
Package pgfplots: loading complementary utilities for your pgf version...

(/usr/share/texlive/texmf-dist/tex/generic/pgfplots/oldpgfcompatib/pgfplotsoldp
gfsupp_pgfutil-common-lists.tex))
(/usr/share/texlive/texmf-dist/tex/generic/pgfplots/util/pgfplotsutil.code.tex
(/usr/share/texlive/texmf-dist/tex/generic/pgfplots/liststructure/pgfplotslists
tructure.code.tex)
(/usr/share/texlive/texmf-dist/tex/generic/pgfplots/liststructure/pgfplotslists
tructureext.code.tex)
(/usr/share/texlive/texmf-dist/tex/generic/pgfplots/liststructure/pgfplotsarray
.code.tex)
(/usr/share/texlive/texmf-dist/tex/generic/pgfplots/liststructure/pgfplotsmatri
x.code.tex)
(/usr/share/texlive/texmf-dist/tex/generic/pgfplots/numtable/pgfplotstableshare
d.code.tex)
(/usr/share/texlive/texmf-dist/tex/generic/pgfplots/liststructure/pgfplotsdeque
.code.tex)
(/usr/share/texlive/texmf-dist/tex/generic/pgfplots/util/pgfplotsbinary.code.te
x
(/usr/share/texlive/texmf-dist/tex/generic/pgfplots/util/pgfplotsbinary.data.co
de.tex))
(/usr/share/texlive/texmf-dist/tex/generic/pgfplots/util/pgfplotsutil.verb.code
.tex)
(/usr/share/texlive/texmf-dist/tex/generic/pgfplots/libs/pgflibrarypgfplots.sur
fshading.code.tex
(/usr/share/texlive/texmf-dist/tex/generic/pgfplots/sys/pgflibrarypgfplots.surf
shading.pgfsys-pdftex.def)))
(/usr/share/texlive/texmf-dist/tex/generic/pgfplots/util/pgfplotscolormap.code.
tex
(/usr/share/texlive/texmf-dist/tex/generic/pgfplots/util/pgfplotscolor.code.tex
))
(/usr/share/texlive/texmf-dist/tex/generic/pgfplots/pgfplotsstackedplots.code.t
ex)
(/usr/share/texlive/texmf-dist/tex/generic/pgfplots/pgfplotsplothandlers.code.t
ex
(/usr/share/texlive/texmf-dist/tex/generic/pgfplots/pgfplotsmeshplothandler.cod
e.tex
(/usr/share/texlive/texmf-dist/tex/generic/pgfplots/pgfplotsmeshplotimage.code.
tex)))
(/usr/share/texlive/texmf-dist/tex/generic/pgfplots/pgfplots.scaling.code.tex)
(/usr/share/texlive/texmf-dist/tex/generic/pgfplots/pgfplotscoordprocessing.cod
e.tex)
(/usr/share/texlive/texmf-dist/tex/generic/pgfplots/pgfplots.errorbars.code.tex
) (/usr/share/texlive/texmf-dist/tex/generic/pgfplots/pgfplots.markers.code.tex
) (/usr/share/texlive/texmf-dist/tex/generic/pgfplots/pgfplotsticks.code.tex)
(/usr/share/texlive/texmf-dist/tex/generic/pgfplots/pgfplots.paths.code.tex)
(/usr/share/texlive/texmf-dist/tex/generic/pgf/frontendlayer/tikz/libraries/tik
zlibrarydecorations.code.tex
(/usr/share/texlive/texmf-dist/tex/generic/pgf/modules/pgfmoduledecorations.cod
e.tex))
(/usr/share/texlive/texmf-dist/tex/generic/pgf/frontendlayer/tikz/libraries/tik
zlibrarydecorations.pathmorphing.code.tex
(/usr/share/texlive/texmf-dist/tex/generic/pgf/libraries/decorations/pgflibrary
decorations.pathmorphing.code.tex))
(/usr/share/texlive/texmf-dist/tex/generic/pgf/frontendlayer/tikz/libraries/tik
zlibrarydecorations.pathreplacing.code.tex
(/usr/share/texlive/texmf-dist/tex/generic/pgf/libraries/decorations/pgflibrary
decorations.pathreplacing.code.tex))
(/usr/share/texlive/texmf-dist/tex/generic/pgfplots/libs/tikzlibrarypgfplots.co
ntourlua.code.tex))
(/usr/share/texlive/texmf-dist/tex/generic/pgf/frontendlayer/tikz/libraries/tik
zlibraryplotmarks.code.tex
(/usr/share/texlive/texmf-dist/tex/generic/pgf/libraries/pgflibraryplotmarks.co
de.tex))) (/usr/share/texlive/texmf-dist/tex/latex/hyperref/hyperref.sty
(/usr/share/texlive/texmf-dist/tex/generic/kvdefinekeys/kvdefinekeys.sty)
(/usr/share/texlive/texmf-dist/tex/generic/pdfescape/pdfescape.sty)
(/usr/share/texlive/texmf-dist/tex/latex/hycolor/hycolor.sty)
(/usr/share/texlive/texmf-dist/tex/latex/auxhook/auxhook.sty)
(/usr/share/texlive/texmf-dist/tex/latex/hyperref/nameref.sty
(/usr/share/texlive/texmf-dist/tex/latex/refcount/refcount.sty)
(/usr/share/texlive/texmf-dist/tex/generic/gettitlestring/gettitlestring.sty))
(/usr/share/texlive/texmf-dist/tex/latex/hyperref/pd1enc.def)
(/usr/share/texlive/texmf-dist/tex/generic/intcalc/intcalc.sty)
(/usr/share/texlive/texmf-dist/tex/latex/hyperref/puenc.def)
(/usr/share/texlive/texmf-dist/tex/latex/url/url.sty)
(/usr/share/texlive/texmf-dist/tex/generic/bitset/bitset.sty
(/usr/share/texlive/texmf-dist/tex/generic/bigintcalc/bigintcalc.sty))
(/usr/share/texlive/texmf-dist/tex/latex/base/atbegshi-ltx.sty))
(/usr/share/texlive/texmf-dist/tex/latex/hyperref/hpdftex.def
(/usr/share/texlive/texmf-dist/tex/latex/base/atveryend-ltx.sty)
(/usr/share/texlive/texmf-dist/tex/latex/rerunfilecheck/rerunfilecheck.sty
(/usr/share/texlive/texmf-dist/tex/generic/uniquecounter/uniquecounter.sty)))
(/usr/share/texlive/texmf-dist/tex/latex/biblatex/biblatex.sty
(/usr/share/texlive/texmf-dist/tex/latex/logreq/logreq.sty
(/usr/share/texlive/texmf-dist/tex/latex/logreq/logreq.def))
(/usr/share/texlive/texmf-dist/tex/latex/biblatex/blx-dm.def)
(/usr/share/texlive/texmf-dist/tex/latex/biblatex-apa/apa.dbx)
(/usr/share/texlive/texmf-dist/tex/latex/biblatex/blx-compat.def)
(/usr/share/texlive/texmf-dist/tex/latex/biblatex/biblatex.def)
(/usr/share/texlive/texmf-dist/tex/latex/biblatex-apa/apa.bbx
(/usr/share/texlive/texmf-dist/tex/latex/biblatex/bbx/standard.bbx))
(/usr/share/texlive/texmf-dist/tex/latex/biblatex-apa/apa.cbx)
(/usr/share/texlive/texmf-dist/tex/latex/biblatex/biblatex.cfg)
(/usr/share/texlive/texmf-dist/tex/latex/biblatex/blx-case-expl3.sty))
(build/main.aux
(/usr/share/texlive/texmf-dist/tex/generic/babel/locale/pt/babel-portuguese.tex
))
(/usr/share/texlive/texmf-dist/tex/latex/translations/translations-basic-dictio
nary-english.trsl)
(/usr/share/texlive/texmf-dist/tex/context/base/mkii/supp-pdf.mkii
[Loading MPS to PDF converter (version 2006.09.02).]
) (/usr/share/texlive/texmf-dist/tex/latex/epstopdf-pkg/epstopdf-base.sty
(/usr/share/texlive/texmf-dist/tex/latex/latexconfig/epstopdf-sys.cfg))
(build/main.glsdefs)
(/usr/share/texlive/texmf-dist/tex/latex/translator/translator-months-dictionar
y-English.dict)
*geometry* driver: auto-detecting
*geometry* detected driver: pdftex
Package pgfplots notification 'compat/show suggested version=true': document ha
s been generated with the most recent feature set (\pgfplotsset{compat=1.18}).

(build/main.out) (build/main.out)
(/usr/share/texlive/texmf-dist/tex/latex/biblatex-apa/english-apa.lbx
(/usr/share/texlive/texmf-dist/tex/latex/biblatex/lbx/english.lbx)
(/usr/share/texlive/texmf-dist/tex/latex/biblatex-apa/american-apa.lbx
(/usr/share/texlive/texmf-dist/tex/latex/biblatex/lbx/american.lbx
(/usr/share/texlive/texmf-dist/tex/latex/biblatex/lbx/english.lbx))))
(/usr/share/texlive/texmf-dist/tex/latex/biblatex-apa/portuguese-apa.lbx
(/usr/share/texlive/texmf-dist/tex/latex/biblatex/lbx/portuguese.lbx)
(/usr/share/texlive/texmf-dist/tex/latex/biblatex/lbx/portuguese.lbx))
(build/main.bbl) (./frontmatter/frontmatter.tex (./frontmatter/glossary.tex)
1: section

LaTeX Font Warning: Font shape `T1/cmbr/b/sc' undefined
(Font)              using `T1/cmbr/b/n' instead on input line 12.


Underfull \hbox (badness 10000) in paragraph at lines 12--12

[1{/var/lib/texmf/fonts/map/pdftex/updmap/pdftex.map}{/usr/share/texmf/fonts/en
c/dvips/cm-super/cm-super-t1.enc} <.//frontmatter/assets/isep_logo.pdf>]
[2]
--------------------
 Statement of Integrity
--------------------

Underfull \hbox (badness 10000) in paragraph at lines 18--19


Underfull \hbox (badness 10000) in paragraph at lines 18--19


Underfull \hbox (badness 10000) in paragraph at lines 18--19


Underfull \hbox (badness 10000) in paragraph at lines 18--19

1: section
(/usr/share/texlive/texmf-dist/tex/latex/cmbright/ot1cmbr.fd)
(/usr/share/texlive/texmf-dist/tex/latex/cmbright/omlcmbrm.fd)
(/usr/share/texlive/texmf-dist/tex/latex/cmbright/omscmbrs.fd)
(/usr/share/texmf/tex/latex/lm/omxlmex.fd) [3] [4]
--------------------
 Abstract
--------------------
1: section
[5] [6]
--------------------
 \bbl@nocaption@i{abstractname}{portugueseabstractname}
--------------------
1: section
[7] [8] (build/main.toc
1: section
[9] [10] [11]) [12] (build/main.lof)
1: section
[13] [14] (build/main.lot) (build/main.acr
1: section
[15] [16])
1: section
[17] [18]
1: section
) (./ch1/chapter1.tex
Chapter 1.
1: section
[1] [2] [3] (/usr/share/texlive/texmf-dist/tex/latex/cmbright/ts1cmbr.fd)
[4{/usr/share/texmf/fonts/enc/dvips/cm-super/cm-super-ts1.enc}] [5]
Overfull \hbox (13.44377pt too wide) in paragraph at lines 100--101
[]\T1/cmbr/m/n/10.95 (-20) Evaluation of can-di-date tools (in-clud-ing Prometh
eus []Volz,
[6]) (./ch2_current_state/chapter2.tex [7] [8]
Chapter 2.
(/usr/share/texlive/texmf-dist/tex/latex/cmbright/t1cmtl.fd)

LaTeX Font Warning: Font shape `T1/cmbr/m/sc' undefined
(Font)              using `T1/cmbr/m/n' instead on input line 20.


Underfull \hbox (badness 3601) in paragraph at lines 57--58
[]|\T1/cmbr/m/n/10.95 (+20) Orchestrates pipeline work-flows, sched-ules
1: section
[9] [10 <./ch2_current_state/assets/baseline-architecture.pdf>] [11])
(./ch2_literature/chapter2.tex [12]
Chapter 3.
1: section
[13] [14] [15 <./ch2_literature/assets/prisma.pdf>] [16] [17] [18] [19]
[20] [21] [22] [23]) (./ch3_planning/chapter3.tex [24]
Chapter 4.
1: section
[25] [26]
Underfull \hbox (badness 2134) in paragraph at lines 102--102
[]|\T1/cmbr/bx/n/9 (+20) C3: Tech-ni-cal com-

Underfull \hbox (badness 5652) in paragraph at lines 103--103
[]|\T1/cmbr/m/n/9 (+20) Intermediate: aca-demic

Overfull \hbox (10.56425pt too wide) in paragraph at lines 89--108
 [][] 

Underfull \hbox (badness 3503) in paragraph at lines 128--129
[]|\T1/cmbr/m/n/9 (+20) Evaluation pro-to-col is re-pro-
[27] [28]
Underfull \hbox (badness 10000) in paragraph at lines 166--167
[]|\T1/cmbr/m/n/9 (+20) A1--A3 (ar-chi-tec-ture,

Underfull \hbox (badness 1173) in paragraph at lines 170--171
\T1/cmbr/m/n/9 (+20) and dataset); pre-lim-i-

Underfull \hbox (badness 10000) in paragraph at lines 174--175
[]|\T1/cmbr/m/n/9 (+20) A5 (doc-u-men-ta-tion

Underfull \hbox (badness 10000) in paragraph at lines 174--175
\T1/cmbr/m/n/9 (+20) pack-age); com-pleted

Overfull \hbox (10.56427pt too wide) in paragraph at lines 152--177
 [][] 

Underfull \hbox (badness 5504) in paragraph at lines 194--195
[]|\T1/cmbr/m/n/9 (+20) Deployment is re-peat-able; core

Overfull \hbox (2.08353pt too wide) in paragraph at lines 188--203
 [][] 
[29] [30]

LaTeX Font Warning: Font shape `T1/cmbr/bx/n' in size <8> not available
(Font)              Font shape `T1/cmbr/sb/n' tried instead on input line 297.


Underfull \hbox (badness 10000) in paragraph at lines 299--299
\T1/cmbr/m/n/8 (+20) re-quired ca-pa-bil-ity

Underfull \hbox (badness 10000) in paragraph at lines 299--299
\T1/cmbr/m/n/8 (+20) miss-ing; un-sta-ble

Underfull \hbox (badness 2253) in paragraph at lines 299--300
[]|\T1/cmbr/m/n/8 (+20) Run early proof-of-

Underfull \hbox (badness 10000) in paragraph at lines 299--300
\T1/cmbr/m/n/8 (+20) concept; eval-u-ate

Underfull \hbox (badness 10000) in paragraph at lines 299--300
\T1/cmbr/m/n/8 (+20) al-ter-na-tives; keep

Underfull \hbox (badness 10000) in paragraph at lines 299--300
\T1/cmbr/m/n/8 (+20) fall-back op-tions;

Underfull \hbox (badness 10000) in paragraph at lines 299--300
\T1/cmbr/m/n/8 (+20) freeze a min-i-mal

Underfull \hbox (badness 10000) in paragraph at lines 299--300
\T1/cmbr/m/n/8 (+20) vi-able ar-chi-tec-ture

Underfull \hbox (badness 10000) in paragraph at lines 301--301
[]|\T1/cmbr/m/n/8 (+20) Telemetry pipeline qual-ity

Underfull \hbox (badness 10000) in paragraph at lines 301--301
\T1/cmbr/m/n/8 (+20) for the planned di-ag-no-sis

Underfull \hbox (badness 7273) in paragraph at lines 301--301
\T1/cmbr/m/n/8 (+20) ti-fiers; CPU/mem-

Underfull \hbox (badness 2418) in paragraph at lines 301--301
\T1/cmbr/m/n/8 (+20) agreed bounds; la-

Underfull \hbox (badness 1189) in paragraph at lines 301--301
\T1/cmbr/m/n/8 (+20) yond base-line tol-er-

Underfull \hbox (badness 4036) in paragraph at lines 301--302
[]|\T1/cmbr/m/n/8 (+20) Validate cor-re-la-tion

Underfull \hbox (badness 10000) in paragraph at lines 301--302
\T1/cmbr/m/n/8 (+20) end-to-end early;

Underfull \hbox (badness 10000) in paragraph at lines 301--302
\T1/cmbr/m/n/8 (+20) tune con-fig-u-ra-tion

Underfull \hbox (badness 10000) in paragraph at lines 301--302
\T1/cmbr/m/n/8 (+20) men-ta-tion; bound

Underfull \hbox (badness 1796) in paragraph at lines 303--303
\T1/cmbr/m/n/8 (+20) peated en-vi-ron-ment

Underfull \hbox (badness 1122) in paragraph at lines 303--304
[]|\T1/cmbr/m/n/8 (+20) Use stag-ing as pri-

Underfull \hbox (badness 1596) in paragraph at lines 303--304
\T1/cmbr/m/n/8 (+20) mary tar-get; par-al-

Underfull \hbox (badness 7613) in paragraph at lines 305--306
\T1/cmbr/m/n/8 (+20) ing out-put; draft

Underfull \hbox (badness 10000) in paragraph at lines 305--306
\T1/cmbr/m/n/8 (+20) chap-ters in-cre-men-

Underfull \hbox (badness 8170) in paragraph at lines 305--306
\T1/cmbr/m/n/8 (+20) tally; lock re-view

Underfull \hbox (badness 10000) in paragraph at lines 305--306
\T1/cmbr/m/n/8 (+20) dates; de-scope

Underfull \hbox (badness 10000) in paragraph at lines 305--306
\T1/cmbr/m/n/8 (+20) pro-tect sub-mis-sion

Underfull \hbox (badness 3323) in paragraph at lines 307--307
\T1/cmbr/m/n/8 (+20) re-ca-tions im-pact-ing

Underfull \hbox (badness 10000) in paragraph at lines 307--308
\T1/cmbr/m/n/8 (+20) asyn-chronous re-

Underfull \hbox (badness 3482) in paragraph at lines 307--308
\T1/cmbr/m/n/8 (+20) views; com-ple-ment

Underfull \hbox (badness 5388) in paragraph at lines 307--308
\T1/cmbr/m/n/8 (+20) with ad-vi-sor/-ex-pert

Underfull \hbox (badness 10000) in paragraph at lines 307--308
\T1/cmbr/m/n/8 (+20) re-view; choose

Underfull \hbox (badness 10000) in paragraph at lines 307--308
\T1/cmbr/m/n/8 (+20) con-ser-va-tive com-

Underfull \hbox (badness 2158) in paragraph at lines 307--308
\T1/cmbr/m/n/8 (+20) po-nents; doc-u-ment

Underfull \hbox (badness 10000) in paragraph at lines 307--308
\T1/cmbr/m/n/8 (+20) as-sump-tions and

Overfull \hbox (42.32062pt too wide) in paragraph at lines 295--310
 [][] 
) (./ch4_design/chapter4.tex [31] [32]
Chapter 5.
1: section
[33] [34] [35] [36]
Overfull \hbox (82.80025pt too wide) in paragraph at lines 203--212
 [][] 
[37] [38] [39] [40] [41] [42]) (./ch5_implementation/chapter5.tex [43] [44]
Chapter 6.
1: section
[45]) (./ch6_evaluation/chapter6.tex [46]
Chapter 7.
1: section
[47]) (./ch5_conclusion/chapter5.tex [48]
Chapter 8.
1: section
[49]) [50]
1: section
[51] [52] [53] (build/main.aux)

LaTeX Font Warning: Some font shapes were not available, defaults substituted.


LaTeX Warning: There were undefined references.


LaTeX Warning: Label(s) may have changed. Rerun to get cross-references right.


Package rerunfilecheck Warning: File `main.out' has changed.
(rerunfilecheck)                Rerun to get outlines right
(rerunfilecheck)                or use package `bookmark'.


Package biblatex Warning: Please rerun LaTeX.

 )
(see the transcript file for additional information)
pdfTeX warning (dest): name{table.caption.119} has been referenced but does not
 exist, replaced by a fixed one


pdfTeX warning (dest): name{table.caption.84} has been referenced but does not 
exist, replaced by a fixed one


pdfTeX warning (dest): name{table.caption.83} has been referenced but does not 
exist, replaced by a fixed one


pdfTeX warning (dest): name{table.caption.78} has been referenced but does not 
exist, replaced by a fixed one


pdfTeX warning (dest): name{table.caption.73} has been referenced but does not 
exist, replaced by a fixed one


pdfTeX warning (dest): name{table.caption.72} has been referenced but does not 
exist, replaced by a fixed one


pdfTeX warning (dest): name{table.caption.38} has been referenced but does not 
exist, replaced by a fixed one


pdfTeX warning (dest): name{table.caption.37} has been referenced but does not 
exist, replaced by a fixed one


pdfTeX warning (dest): name{figure.caption.123} has been referenced but does no
t exist, replaced by a fixed one


pdfTeX warning (dest): name{figure.caption.80} has been referenced but does not
 exist, replaced by a fixed one


pdfTeX warning (dest): name{figure.caption.52} has been referenced but does not
 exist, replaced by a fixed one


pdfTeX warning (dest): name{figure.caption.35} has been referenced but does not
 exist, replaced by a fixed one


pdfTeX warning (dest): name{chapter*.177} has been referenced but does not exis
t, replaced by a fixed one


pdfTeX warning (dest): name{chapter.174} has been referenced but does not exist
, replaced by a fixed one


pdfTeX warning (dest): name{section.171} has been referenced but does not exist
, replaced by a fixed one


pdfTeX warning (dest): name{chapter.168} has been referenced but does not exist
, replaced by a fixed one


pdfTeX warning (dest): name{section.167} has been referenced but does not exist
, replaced by a fixed one


pdfTeX warning (dest): name{section.166} has been referenced but does not exist
, replaced by a fixed one


pdfTeX warning (dest): name{section.159} has been referenced but does not exist
, replaced by a fixed one


pdfTeX warning (dest): name{chapter.158} has been referenced but does not exist
, replaced by a fixed one


pdfTeX warning (dest): name{subsection.156} has been referenced but does not ex
ist, replaced by a fixed one


pdfTeX warning (dest): name{subsection.155} has been referenced but does not ex
ist, replaced by a fixed one


pdfTeX warning (dest): name{section.154} has been referenced but does not exist
, replaced by a fixed one


pdfTeX warning (dest): name{section*.153} has been referenced but does not exis
t, replaced by a fixed one


pdfTeX warning (dest): name{subsection.150} has been referenced but does not ex
ist, replaced by a fixed one


pdfTeX warning (dest): name{section*.149} has been referenced but does not exis
t, replaced by a fixed one


pdfTeX warning (dest): name{subsection.146} has been referenced but does not ex
ist, replaced by a fixed one


pdfTeX warning (dest): name{section*.144} has been referenced but does not exis
t, replaced by a fixed one


pdfTeX warning (dest): name{section*.143} has been referenced but does not exis
t, replaced by a fixed one


pdfTeX warning (dest): name{subsection.141} has been referenced but does not ex
ist, replaced by a fixed one


pdfTeX warning (dest): name{section.140} has been referenced but does not exist
, replaced by a fixed one


pdfTeX warning (dest): name{section*.139} has been referenced but does not exis
t, replaced by a fixed one


pdfTeX warning (dest): name{subsection.133} has been referenced but does not ex
ist, replaced by a fixed one


pdfTeX warning (dest): name{section*.132} has been referenced but does not exis
t, replaced by a fixed one


pdfTeX warning (dest): name{subsection.129} has been referenced but does not ex
ist, replaced by a fixed one


pdfTeX warning (dest): name{section*.127} has been referenced but does not exis
t, replaced by a fixed one


pdfTeX warning (dest): name{section*.126} has been referenced but does not exis
t, replaced by a fixed one


pdfTeX warning (dest): name{section*.125} has been referenced but does not exis
t, replaced by a fixed one


pdfTeX warning (dest): name{subsection.124} has been referenced but does not ex
ist, replaced by a fixed one


pdfTeX warning (dest): name{subsection.122} has been referenced but does not ex
ist, replaced by a fixed one


pdfTeX warning (dest): name{section.121} has been referenced but does not exist
, replaced by a fixed one


pdfTeX warning (dest): name{section.120} has been referenced but does not exist
, replaced by a fixed one


pdfTeX warning (dest): name{subsection.118} has been referenced but does not ex
ist, replaced by a fixed one


pdfTeX warning (dest): name{section*.117} has been referenced but does not exis
t, replaced by a fixed one


pdfTeX warning (dest): name{subsection.116} has been referenced but does not ex
ist, replaced by a fixed one


pdfTeX warning (dest): name{subsection.114} has been referenced but does not ex
ist, replaced by a fixed one


pdfTeX warning (dest): name{section*.113} has been referenced but does not exis
t, replaced by a fixed one


pdfTeX warning (dest): name{section*.112} has been referenced but does not exis
t, replaced by a fixed one


pdfTeX warning (dest): name{section*.104} has been referenced but does not exis
t, replaced by a fixed one


pdfTeX warning (dest): name{section*.103} has been referenced but does not exis
t, replaced by a fixed one


pdfTeX warning (dest): name{subsection.102} has been referenced but does not ex
ist, replaced by a fixed one


pdfTeX warning (dest): name{subsection.101} has been referenced but does not ex
ist, replaced by a fixed one


pdfTeX warning (dest): name{section.100} has been referenced but does not exist
, replaced by a fixed one


pdfTeX warning (dest): name{subsection.95} has been referenced but does not exi
st, replaced by a fixed one


pdfTeX warning (dest): name{subsection.88} has been referenced but does not exi
st, replaced by a fixed one


pdfTeX warning (dest): name{section.87} has been referenced but does not exist,
 replaced by a fixed one


pdfTeX warning (dest): name{section.86} has been referenced but does not exist,
 replaced by a fixed one


pdfTeX warning (dest): name{chapter.85} has been referenced but does not exist,
 replaced by a fixed one


pdfTeX warning (dest): name{section.82} has been referenced but does not exist,
 replaced by a fixed one


pdfTeX warning (dest): name{section.81} has been referenced but does not exist,
 replaced by a fixed one


pdfTeX warning (dest): name{subsection.79} has been referenced but does not exi
st, replaced by a fixed one


pdfTeX warning (dest): name{subsection.77} has been referenced but does not exi
st, replaced by a fixed one


pdfTeX warning (dest): name{subsection.75} has been referenced but does not exi
st, replaced by a fixed one


pdfTeX warning (dest): name{section.74} has been referenced but does not exist,
 replaced by a fixed one


pdfTeX warning (dest): name{section.70} has been referenced but does not exist,
 replaced by a fixed one


pdfTeX warning (dest): name{subsection.69} has been referenced but does not exi
st, replaced by a fixed one


pdfTeX warning (dest): name{subsection.68} has been referenced but does not exi
st, replaced by a fixed one


pdfTeX warning (dest): name{subsection.67} has been referenced but does not exi
st, replaced by a fixed one


pdfTeX warning (dest): name{section.66} has been referenced but does not exist,
 replaced by a fixed one


pdfTeX warning (dest): name{section.64} has been referenced but does not exist,
 replaced by a fixed one


pdfTeX warning (dest): name{chapter.63} has been referenced but does not exist,
 replaced by a fixed one


pdfTeX warning (dest): name{section.62} has been referenced but does not exist,
 replaced by a fixed one


pdfTeX warning (dest): name{subsection.61} has been referenced but does not exi
st, replaced by a fixed one


pdfTeX warning (dest): name{subsection.60} has been referenced but does not exi
st, replaced by a fixed one


pdfTeX warning (dest): name{subsection.59} has been referenced but does not exi
st, replaced by a fixed one


pdfTeX warning (dest): name{section.55} has been referenced but does not exist,
 replaced by a fixed one


pdfTeX warning (dest): name{section.53} has been referenced but does not exist,
 replaced by a fixed one


pdfTeX warning (dest): name{section.51} has been referenced but does not exist,
 replaced by a fixed one


pdfTeX warning (dest): name{subsection.49} has been referenced but does not exi
st, replaced by a fixed one


pdfTeX warning (dest): name{subsection.48} has been referenced but does not exi
st, replaced by a fixed one


pdfTeX warning (dest): name{subsection.47} has been referenced but does not exi
st, replaced by a fixed one


pdfTeX warning (dest): name{chapter.42} has been referenced but does not exist,
 replaced by a fixed one


pdfTeX warning (dest): name{section.41} has been referenced but does not exist,
 replaced by a fixed one


pdfTeX warning (dest): name{section.40} has been referenced but does not exist,
 replaced by a fixed one


pdfTeX warning (dest): name{section.39} has been referenced but does not exist,
 replaced by a fixed one


pdfTeX warning (dest): name{subsection.36} has been referenced but does not exi
st, replaced by a fixed one


pdfTeX warning (dest): name{subsection.34} has been referenced but does not exi
st, replaced by a fixed one


pdfTeX warning (dest): name{section.33} has been referenced but does not exist,
 replaced by a fixed one


pdfTeX warning (dest): name{chapter.32} has been referenced but does not exist,
 replaced by a fixed one


pdfTeX warning (dest): name{subsection.30} has been referenced but does not exi
st, replaced by a fixed one


pdfTeX warning (dest): name{section.29} has been referenced but does not exist,
 replaced by a fixed one


pdfTeX warning (dest): name{section.28} has been referenced but does not exist,
 replaced by a fixed one


pdfTeX warning (dest): name{section.24} has been referenced but does not exist,
 replaced by a fixed one


pdfTeX warning (dest): name{section.23} has been referenced but does not exist,
 replaced by a fixed one


pdfTeX warning (dest): name{section.22} has been referenced but does not exist,
 replaced by a fixed one


pdfTeX warning (dest): name{subsection.21} has been referenced but does not exi
st, replaced by a fixed one


pdfTeX warning (dest): name{subsection.20} has been referenced but does not exi
st, replaced by a fixed one


pdfTeX warning (dest): name{subsection.14} has been referenced but does not exi
st, replaced by a fixed one


pdfTeX warning (dest): name{subsection.13} has been referenced but does not exi
st, replaced by a fixed one


pdfTeX warning (dest): name{section.12} has been referenced but does not exist,
 replaced by a fixed one


pdfTeX warning (dest): name{section.11} has been referenced but does not exist,
 replaced by a fixed one


pdfTeX warning (dest): name{chapter.10} has been referenced but does not exist,
 replaced by a fixed one

</usr/share/texlive/texmf-dist/fonts/type1/public/hfbright/hfbrsy10.pfb></usr/s
hare/texmf/fonts/type1/public/cm-super/sfbbx10.pfb></usr/share/texmf/fonts/type
1/public/cm-super/sfbmo10.pfb></usr/share/texmf/fonts/type1/public/cm-super/sfb
mr10.pfb></usr/share/texmf/fonts/type1/public/cm-super/sfbmr8.pfb></usr/share/t
exmf/fonts/type1/public/cm-super/sfbmr9.pfb></usr/share/texmf/fonts/type1/publi
c/cm-super/sfbsr8.pfb></usr/share/texmf/fonts/type1/public/cm-super/sfbtl10.pfb
>
Output written on build/main.pdf (71 pages, 523313 bytes).
Transcript written on build/main.log.
Latexmk: Getting log file 'build/main.log'
Latexmk: Examining 'build/main.fls'
Latexmk: Examining 'build/main.log'
Latexmk: Found input bbl file 'build/main.bbl'
Latexmk: References changed.
Latexmk: References changed.
Latexmk: Log file says output to 'build/main.pdf'
Latexmk: Bibliography file(s) from .bcf file:
  mainbibliography.bib
Latexmk: applying rule 'pdflatex'...
Rule 'pdflatex':  Reasons for rerun
Changed files or newly in use/created:
  build/main.aux
  build/main.lof
  build/main.lot
  build/main.out
  build/main.run.xml
  build/main.toc

------------
Run number 3 of rule 'pdflatex'
------------
------------
Running 'pdflatex -interaction=nonstopmode  -recorder -output-directory="build"  "main.tex"'
------------
This is pdfTeX, Version 3.141592653-2.6-1.40.25 (TeX Live 2023/Debian) (preloaded format=pdflatex)
 restricted \write18 enabled.
entering extended mode
(./main.tex
LaTeX2e <2023-11-01> patch level 1
L3 programming layer <2024-01-22>
(./tmdei-style.cls
Document Class: tmdei-style 
(/usr/share/texlive/texmf-dist/tex/latex/etoolbox/etoolbox.sty)
(/usr/share/texlive/texmf-dist/tex/latex/l3packages/xparse/xparse.sty
(/usr/share/texlive/texmf-dist/tex/latex/l3kernel/expl3.sty
(/usr/share/texlive/texmf-dist/tex/latex/l3backend/l3backend-pdftex.def)))
(/usr/share/texlive/texmf-dist/tex/latex/base/book.cls
Document Class: book 2023/05/17 v1.4n Standard LaTeX document class
(/usr/share/texlive/texmf-dist/tex/latex/base/bk11.clo))
(/usr/share/texlive/texmf-dist/tex/latex/parskip/parskip.sty
(/usr/share/texlive/texmf-dist/tex/latex/kvoptions/kvoptions.sty
(/usr/share/texlive/texmf-dist/tex/latex/graphics/keyval.sty)
(/usr/share/texlive/texmf-dist/tex/generic/ltxcmds/ltxcmds.sty)
(/usr/share/texlive/texmf-dist/tex/latex/kvsetkeys/kvsetkeys.sty)))
(/usr/share/texlive/texmf-dist/tex/generic/babel/babel.sty
(/usr/share/texlive/texmf-dist/tex/generic/babel/txtbabel.def)
(/usr/share/texlive/texmf-dist/tex/generic/babel-english/english.ldf))
(/usr/share/texlive/texmf-dist/tex/generic/babel/locale/en/babel-english.tex)
(/usr/share/texlive/texmf-dist/tex/latex/koma-script/scrbase.sty
(/usr/share/texlive/texmf-dist/tex/latex/koma-script/scrlfile.sty
(/usr/share/texlive/texmf-dist/tex/latex/koma-script/scrlfile-hook.sty
(/usr/share/texlive/texmf-dist/tex/latex/koma-script/scrlogo.sty))))
(/usr/share/texlive/texmf-dist/tex/latex/koma-script/scrhack.sty
(/usr/share/texlive/texmf-dist/tex/latex/koma-script/scrkbase.sty)
(/usr/share/texlive/texmf-dist/tex/latex/xpatch/xpatch.sty))
(/usr/share/texlive/texmf-dist/tex/latex/setspace/setspace.sty)
(/usr/share/texlive/texmf-dist/tex/latex/koma-script/setspace.hak)
(/usr/share/texlive/texmf-dist/tex/latex/tools/longtable.sty)
(/usr/share/texlive/texmf-dist/tex/latex/siunitx/siunitx.sty
(/usr/share/texlive/texmf-dist/tex/latex/translations/translations.sty
(/usr/share/texlive/texmf-dist/tex/generic/pdftexcmds/pdftexcmds.sty
(/usr/share/texlive/texmf-dist/tex/generic/infwarerr/infwarerr.sty)
(/usr/share/texlive/texmf-dist/tex/generic/iftex/iftex.sty)))
(/usr/share/texlive/texmf-dist/tex/latex/amsmath/amstext.sty
(/usr/share/texlive/texmf-dist/tex/latex/amsmath/amsgen.sty))
(/usr/share/texlive/texmf-dist/tex/latex/tools/array.sty))
(/usr/share/texlive/texmf-dist/tex/latex/graphics/graphicx.sty
(/usr/share/texlive/texmf-dist/tex/latex/graphics/graphics.sty
(/usr/share/texlive/texmf-dist/tex/latex/graphics/trig.sty)
(/usr/share/texlive/texmf-dist/tex/latex/graphics-cfg/graphics.cfg)
(/usr/share/texlive/texmf-dist/tex/latex/graphics-def/pdftex.def)))
(/usr/share/texlive/texmf-dist/tex/latex/xcolor/xcolor.sty
(/usr/share/texlive/texmf-dist/tex/latex/graphics-cfg/color.cfg)
(/usr/share/texlive/texmf-dist/tex/latex/graphics/mathcolor.ltx))
(/usr/share/texlive/texmf-dist/tex/latex/graphics/dvipsnam.def)
(/usr/share/texlive/texmf-dist/tex/latex/booktabs/booktabs.sty)
(/usr/share/texlive/texmf-dist/tex/latex/base/inputenc.sty)
(/usr/share/texlive/texmf-dist/tex/latex/base/fontenc.sty)
(/usr/share/texmf/tex/latex/lm/lmodern.sty)
(/usr/share/texlive/texmf-dist/tex/latex/csquotes/csquotes.sty
(/usr/share/texlive/texmf-dist/tex/latex/csquotes/csquotes.def)
(/usr/share/texlive/texmf-dist/tex/latex/csquotes/csquotes.cfg))
(/usr/share/texlive/texmf-dist/tex/latex/cmbright/cmbright.sty
(/usr/share/texlive/texmf-dist/tex/latex/cmbright/t1cmbr.fd))
(/usr/share/texlive/texmf-dist/tex/latex/algorithms/algorithm.sty
(/usr/share/texlive/texmf-dist/tex/latex/float/float.sty)
(/usr/share/texlive/texmf-dist/tex/latex/koma-script/float.hak
(/usr/share/texlive/texmf-dist/tex/latex/koma-script/tocbasic.sty))
(/usr/share/texlive/texmf-dist/tex/latex/base/ifthen.sty))
(/usr/share/texlive/texmf-dist/tex/latex/algorithmicx/algpseudocode.sty
(/usr/share/texlive/texmf-dist/tex/latex/algorithmicx/algorithmicx.sty
Document Style algorithmicx 1.2 - a greatly improved `algorithmic' style
)
Document Style - pseudocode environments for use with the `algorithmicx' style
) (/usr/share/texlive/texmf-dist/tex/latex/listings/listings.sty
(/usr/share/texlive/texmf-dist/tex/latex/listings/lstmisc.sty)
(/usr/share/texlive/texmf-dist/tex/latex/listings/listings.cfg))
(/usr/share/texlive/texmf-dist/tex/latex/koma-script/listings.hak)
(/usr/share/texlive/texmf-dist/tex/latex/listings/lstlang1.sty)
(/usr/share/texlive/texmf-dist/tex/latex/glossaries/base/glossaries.sty
(/usr/share/texlive/texmf-dist/tex/latex/xkeyval/xkeyval.sty
(/usr/share/texlive/texmf-dist/tex/generic/xkeyval/xkeyval.tex
(/usr/share/texlive/texmf-dist/tex/generic/xkeyval/xkvutils.tex)))
(/usr/share/texlive/texmf-dist/tex/latex/mfirstuc/mfirstuc.sty)
(/usr/share/texlive/texmf-dist/tex/latex/xfor/xfor.sty)
(/usr/share/texlive/texmf-dist/tex/latex/datatool/datatool-base.sty
(/usr/share/texlive/texmf-dist/tex/latex/amsmath/amsmath.sty
For additional information on amsmath, use the `?' option.
(/usr/share/texlive/texmf-dist/tex/latex/amsmath/amsbsy.sty)
(/usr/share/texlive/texmf-dist/tex/latex/amsmath/amsopn.sty))
(/usr/share/texlive/texmf-dist/tex/latex/substr/substr.sty)
(/usr/share/texlive/texmf-dist/tex/latex/datatool/datatool-fp.sty
(/usr/share/texlive/texmf-dist/tex/latex/fp/fp.sty
`Fixed Point Package', Version 0.8, April 2, 1995 (C) Michael Mehlich
(/usr/share/texlive/texmf-dist/tex/latex/fp/defpattern.sty)
(/usr/share/texlive/texmf-dist/tex/latex/fp/fp-basic.sty)
(/usr/share/texlive/texmf-dist/tex/latex/fp/fp-addons.sty)
(/usr/share/texlive/texmf-dist/tex/latex/fp/fp-snap.sty)
(/usr/share/texlive/texmf-dist/tex/latex/fp/fp-exp.sty)
(/usr/share/texlive/texmf-dist/tex/latex/fp/fp-trigo.sty)
(/usr/share/texlive/texmf-dist/tex/latex/fp/fp-pas.sty)
(/usr/share/texlive/texmf-dist/tex/latex/fp/fp-random.sty)
(/usr/share/texlive/texmf-dist/tex/latex/fp/fp-eqn.sty)
(/usr/share/texlive/texmf-dist/tex/latex/fp/fp-upn.sty)
(/usr/share/texlive/texmf-dist/tex/latex/fp/fp-eval.sty))))
(/usr/share/texlive/texmf-dist/tex/latex/tracklang/tracklang.sty
(/usr/share/texlive/texmf-dist/tex/generic/tracklang/tracklang.tex))
(/usr/share/texlive/texmf-dist/tex/latex/translator/translator.sty)
(/usr/share/texlive/texmf-dist/tex/latex/glossaries-english/glossaries-english.
ldf)
(/usr/share/texlive/texmf-dist/tex/latex/glossaries/styles/glossary-hypernav.st
y) (/usr/share/texlive/texmf-dist/tex/latex/glossaries/styles/glossary-list.sty
) (/usr/share/texlive/texmf-dist/tex/latex/glossaries/styles/glossary-long.sty)
 (/usr/share/texlive/texmf-dist/tex/latex/glossaries/styles/glossary-super.sty
(/usr/share/texlive/texmf-dist/tex/latex/supertabular/supertabular.sty))
(/usr/share/texlive/texmf-dist/tex/latex/glossaries/styles/glossary-tree.sty))
(/usr/share/texlive/texmf-dist/tex/latex/caption/caption.sty
(/usr/share/texlive/texmf-dist/tex/latex/caption/caption3.sty)
(/usr/share/texlive/texmf-dist/tex/latex/caption/ltcaption.sty))
(/usr/share/texlive/texmf-dist/tex/latex/appendix/appendix.sty)
(/usr/share/texlive/texmf-dist/tex/latex/geometry/geometry.sty
(/usr/share/texlive/texmf-dist/tex/generic/iftex/ifvtex.sty))
(/usr/share/texlive/texmf-dist/tex/latex/microtype/microtype.sty
(/usr/share/texlive/texmf-dist/tex/latex/microtype/microtype-pdftex.def)
(/usr/share/texlive/texmf-dist/tex/latex/microtype/microtype.cfg))
(/usr/share/texlive/texmf-dist/tex/latex/koma-script/scrlayer-scrpage.sty
(/usr/share/texlive/texmf-dist/tex/latex/koma-script/scrlayer.sty))
1: chapter
1: chapter
1: section
) (/usr/share/texlive/texmf-dist/tex/latex/pgf/frontendlayer/tikz.sty
(/usr/share/texlive/texmf-dist/tex/latex/pgf/basiclayer/pgf.sty
(/usr/share/texlive/texmf-dist/tex/latex/pgf/utilities/pgfrcs.sty
(/usr/share/texlive/texmf-dist/tex/generic/pgf/utilities/pgfutil-common.tex)
(/usr/share/texlive/texmf-dist/tex/generic/pgf/utilities/pgfutil-latex.def)
(/usr/share/texlive/texmf-dist/tex/generic/pgf/utilities/pgfrcs.code.tex
(/usr/share/texlive/texmf-dist/tex/generic/pgf/pgf.revision.tex)))
(/usr/share/texlive/texmf-dist/tex/latex/pgf/basiclayer/pgfcore.sty
(/usr/share/texlive/texmf-dist/tex/latex/pgf/systemlayer/pgfsys.sty
(/usr/share/texlive/texmf-dist/tex/generic/pgf/systemlayer/pgfsys.code.tex
(/usr/share/texlive/texmf-dist/tex/generic/pgf/utilities/pgfkeys.code.tex
(/usr/share/texlive/texmf-dist/tex/generic/pgf/utilities/pgfkeyslibraryfiltered
.code.tex)) (/usr/share/texlive/texmf-dist/tex/generic/pgf/systemlayer/pgf.cfg)
(/usr/share/texlive/texmf-dist/tex/generic/pgf/systemlayer/pgfsys-pdftex.def
(/usr/share/texlive/texmf-dist/tex/generic/pgf/systemlayer/pgfsys-common-pdf.de
f)))
(/usr/share/texlive/texmf-dist/tex/generic/pgf/systemlayer/pgfsyssoftpath.code.
tex)
(/usr/share/texlive/texmf-dist/tex/generic/pgf/systemlayer/pgfsysprotocol.code.
tex))
(/usr/share/texlive/texmf-dist/tex/generic/pgf/basiclayer/pgfcore.code.tex
(/usr/share/texlive/texmf-dist/tex/generic/pgf/math/pgfmath.code.tex
(/usr/share/texlive/texmf-dist/tex/generic/pgf/math/pgfmathutil.code.tex)
(/usr/share/texlive/texmf-dist/tex/generic/pgf/math/pgfmathparser.code.tex)
(/usr/share/texlive/texmf-dist/tex/generic/pgf/math/pgfmathfunctions.code.tex)
(/usr/share/texlive/texmf-dist/tex/generic/pgf/math/pgfmathfunctions.basic.code
.tex)
(/usr/share/texlive/texmf-dist/tex/generic/pgf/math/pgfmathfunctions.trigonomet
ric.code.tex)
(/usr/share/texlive/texmf-dist/tex/generic/pgf/math/pgfmathfunctions.random.cod
e.tex)
(/usr/share/texlive/texmf-dist/tex/generic/pgf/math/pgfmathfunctions.comparison
.code.tex)
(/usr/share/texlive/texmf-dist/tex/generic/pgf/math/pgfmathfunctions.base.code.
tex)
(/usr/share/texlive/texmf-dist/tex/generic/pgf/math/pgfmathfunctions.round.code
.tex)
(/usr/share/texlive/texmf-dist/tex/generic/pgf/math/pgfmathfunctions.misc.code.
tex)
(/usr/share/texlive/texmf-dist/tex/generic/pgf/math/pgfmathfunctions.integerari
thmetics.code.tex)
(/usr/share/texlive/texmf-dist/tex/generic/pgf/math/pgfmathcalc.code.tex)
(/usr/share/texlive/texmf-dist/tex/generic/pgf/math/pgfmathfloat.code.tex))
(/usr/share/texlive/texmf-dist/tex/generic/pgf/math/pgfint.code.tex)
(/usr/share/texlive/texmf-dist/tex/generic/pgf/basiclayer/pgfcorepoints.code.te
x)
(/usr/share/texlive/texmf-dist/tex/generic/pgf/basiclayer/pgfcorepathconstruct.
code.tex)
(/usr/share/texlive/texmf-dist/tex/generic/pgf/basiclayer/pgfcorepathusage.code
.tex)
(/usr/share/texlive/texmf-dist/tex/generic/pgf/basiclayer/pgfcorescopes.code.te
x)
(/usr/share/texlive/texmf-dist/tex/generic/pgf/basiclayer/pgfcoregraphicstate.c
ode.tex)
(/usr/share/texlive/texmf-dist/tex/generic/pgf/basiclayer/pgfcoretransformation
s.code.tex)
(/usr/share/texlive/texmf-dist/tex/generic/pgf/basiclayer/pgfcorequick.code.tex
)
(/usr/share/texlive/texmf-dist/tex/generic/pgf/basiclayer/pgfcoreobjects.code.t
ex)
(/usr/share/texlive/texmf-dist/tex/generic/pgf/basiclayer/pgfcorepathprocessing
.code.tex)
(/usr/share/texlive/texmf-dist/tex/generic/pgf/basiclayer/pgfcorearrows.code.te
x)
(/usr/share/texlive/texmf-dist/tex/generic/pgf/basiclayer/pgfcoreshade.code.tex
)
(/usr/share/texlive/texmf-dist/tex/generic/pgf/basiclayer/pgfcoreimage.code.tex
)
(/usr/share/texlive/texmf-dist/tex/generic/pgf/basiclayer/pgfcoreexternal.code.
tex)
(/usr/share/texlive/texmf-dist/tex/generic/pgf/basiclayer/pgfcorelayers.code.te
x)
(/usr/share/texlive/texmf-dist/tex/generic/pgf/basiclayer/pgfcoretransparency.c
ode.tex)
(/usr/share/texlive/texmf-dist/tex/generic/pgf/basiclayer/pgfcorepatterns.code.
tex)
(/usr/share/texlive/texmf-dist/tex/generic/pgf/basiclayer/pgfcorerdf.code.tex))
)
(/usr/share/texlive/texmf-dist/tex/generic/pgf/modules/pgfmoduleshapes.code.tex
) (/usr/share/texlive/texmf-dist/tex/generic/pgf/modules/pgfmoduleplot.code.tex
)
(/usr/share/texlive/texmf-dist/tex/latex/pgf/compatibility/pgfcomp-version-0-65
.sty)
(/usr/share/texlive/texmf-dist/tex/latex/pgf/compatibility/pgfcomp-version-1-18
.sty)) (/usr/share/texlive/texmf-dist/tex/latex/pgf/utilities/pgffor.sty
(/usr/share/texlive/texmf-dist/tex/latex/pgf/utilities/pgfkeys.sty
(/usr/share/texlive/texmf-dist/tex/generic/pgf/utilities/pgfkeys.code.tex))
(/usr/share/texlive/texmf-dist/tex/latex/pgf/math/pgfmath.sty
(/usr/share/texlive/texmf-dist/tex/generic/pgf/math/pgfmath.code.tex))
(/usr/share/texlive/texmf-dist/tex/generic/pgf/utilities/pgffor.code.tex))
(/usr/share/texlive/texmf-dist/tex/generic/pgf/frontendlayer/tikz/tikz.code.tex

(/usr/share/texlive/texmf-dist/tex/generic/pgf/libraries/pgflibraryplothandlers
.code.tex)
(/usr/share/texlive/texmf-dist/tex/generic/pgf/modules/pgfmodulematrix.code.tex
)
(/usr/share/texlive/texmf-dist/tex/generic/pgf/frontendlayer/tikz/libraries/tik
zlibrarytopaths.code.tex)))
(/usr/share/texlive/texmf-dist/tex/latex/pgfgantt/pgfgantt.sty
(/usr/share/texlive/texmf-dist/tex/generic/pgf/frontendlayer/tikz/libraries/tik
zlibraryarrows.code.tex
(/usr/share/texlive/texmf-dist/tex/generic/pgf/libraries/pgflibraryarrows.code.
tex))
(/usr/share/texlive/texmf-dist/tex/generic/pgf/frontendlayer/tikz/libraries/tik
zlibrarybackgrounds.code.tex)
(/usr/share/texlive/texmf-dist/tex/generic/pgf/frontendlayer/tikz/libraries/tik
zlibrarycalc.code.tex)
(/usr/share/texlive/texmf-dist/tex/generic/pgf/frontendlayer/tikz/libraries/tik
zlibrarypatterns.code.tex
(/usr/share/texlive/texmf-dist/tex/generic/pgf/libraries/pgflibrarypatterns.cod
e.tex))
(/usr/share/texlive/texmf-dist/tex/generic/pgf/frontendlayer/tikz/libraries/tik
zlibrarypositioning.code.tex)
(/usr/share/texlive/texmf-dist/tex/generic/pgf/frontendlayer/tikz/libraries/tik
zlibraryshapes.geometric.code.tex
(/usr/share/texlive/texmf-dist/tex/generic/pgf/libraries/shapes/pgflibraryshape
s.geometric.code.tex))
(/usr/share/texlive/texmf-dist/tex/latex/pgf/utilities/pgfcalendar.sty
(/usr/share/texlive/texmf-dist/tex/generic/pgf/utilities/pgfcalendar.code.tex))
) (/usr/share/texlive/texmf-dist/tex/latex/pgfplots/pgfplots.sty
(/usr/share/texlive/texmf-dist/tex/generic/pgfplots/pgfplots.revision.tex)
(/usr/share/texlive/texmf-dist/tex/generic/pgfplots/pgfplots.code.tex
(/usr/share/texlive/texmf-dist/tex/generic/pgfplots/pgfplotscore.code.tex
(/usr/share/texlive/texmf-dist/tex/generic/pgfplots/sys/pgfplotssysgeneric.code
.tex))
(/usr/share/texlive/texmf-dist/tex/generic/pgfplots/libs/pgfplotslibrary.code.t
ex)
(/usr/share/texlive/texmf-dist/tex/generic/pgfplots/oldpgfcompatib/pgfplotsoldp
gfsupp_loader.code.tex
(/usr/share/texlive/texmf-dist/tex/generic/pgf/libraries/pgflibraryfpu.code.tex
)
Package pgfplots: loading complementary utilities for your pgf version...

(/usr/share/texlive/texmf-dist/tex/generic/pgfplots/oldpgfcompatib/pgfplotsoldp
gfsupp_pgfutil-common-lists.tex))
(/usr/share/texlive/texmf-dist/tex/generic/pgfplots/util/pgfplotsutil.code.tex
(/usr/share/texlive/texmf-dist/tex/generic/pgfplots/liststructure/pgfplotslists
tructure.code.tex)
(/usr/share/texlive/texmf-dist/tex/generic/pgfplots/liststructure/pgfplotslists
tructureext.code.tex)
(/usr/share/texlive/texmf-dist/tex/generic/pgfplots/liststructure/pgfplotsarray
.code.tex)
(/usr/share/texlive/texmf-dist/tex/generic/pgfplots/liststructure/pgfplotsmatri
x.code.tex)
(/usr/share/texlive/texmf-dist/tex/generic/pgfplots/numtable/pgfplotstableshare
d.code.tex)
(/usr/share/texlive/texmf-dist/tex/generic/pgfplots/liststructure/pgfplotsdeque
.code.tex)
(/usr/share/texlive/texmf-dist/tex/generic/pgfplots/util/pgfplotsbinary.code.te
x
(/usr/share/texlive/texmf-dist/tex/generic/pgfplots/util/pgfplotsbinary.data.co
de.tex))
(/usr/share/texlive/texmf-dist/tex/generic/pgfplots/util/pgfplotsutil.verb.code
.tex)
(/usr/share/texlive/texmf-dist/tex/generic/pgfplots/libs/pgflibrarypgfplots.sur
fshading.code.tex
(/usr/share/texlive/texmf-dist/tex/generic/pgfplots/sys/pgflibrarypgfplots.surf
shading.pgfsys-pdftex.def)))
(/usr/share/texlive/texmf-dist/tex/generic/pgfplots/util/pgfplotscolormap.code.
tex
(/usr/share/texlive/texmf-dist/tex/generic/pgfplots/util/pgfplotscolor.code.tex
))
(/usr/share/texlive/texmf-dist/tex/generic/pgfplots/pgfplotsstackedplots.code.t
ex)
(/usr/share/texlive/texmf-dist/tex/generic/pgfplots/pgfplotsplothandlers.code.t
ex
(/usr/share/texlive/texmf-dist/tex/generic/pgfplots/pgfplotsmeshplothandler.cod
e.tex
(/usr/share/texlive/texmf-dist/tex/generic/pgfplots/pgfplotsmeshplotimage.code.
tex)))
(/usr/share/texlive/texmf-dist/tex/generic/pgfplots/pgfplots.scaling.code.tex)
(/usr/share/texlive/texmf-dist/tex/generic/pgfplots/pgfplotscoordprocessing.cod
e.tex)
(/usr/share/texlive/texmf-dist/tex/generic/pgfplots/pgfplots.errorbars.code.tex
) (/usr/share/texlive/texmf-dist/tex/generic/pgfplots/pgfplots.markers.code.tex
) (/usr/share/texlive/texmf-dist/tex/generic/pgfplots/pgfplotsticks.code.tex)
(/usr/share/texlive/texmf-dist/tex/generic/pgfplots/pgfplots.paths.code.tex)
(/usr/share/texlive/texmf-dist/tex/generic/pgf/frontendlayer/tikz/libraries/tik
zlibrarydecorations.code.tex
(/usr/share/texlive/texmf-dist/tex/generic/pgf/modules/pgfmoduledecorations.cod
e.tex))
(/usr/share/texlive/texmf-dist/tex/generic/pgf/frontendlayer/tikz/libraries/tik
zlibrarydecorations.pathmorphing.code.tex
(/usr/share/texlive/texmf-dist/tex/generic/pgf/libraries/decorations/pgflibrary
decorations.pathmorphing.code.tex))
(/usr/share/texlive/texmf-dist/tex/generic/pgf/frontendlayer/tikz/libraries/tik
zlibrarydecorations.pathreplacing.code.tex
(/usr/share/texlive/texmf-dist/tex/generic/pgf/libraries/decorations/pgflibrary
decorations.pathreplacing.code.tex))
(/usr/share/texlive/texmf-dist/tex/generic/pgfplots/libs/tikzlibrarypgfplots.co
ntourlua.code.tex))
(/usr/share/texlive/texmf-dist/tex/generic/pgf/frontendlayer/tikz/libraries/tik
zlibraryplotmarks.code.tex
(/usr/share/texlive/texmf-dist/tex/generic/pgf/libraries/pgflibraryplotmarks.co
de.tex))) (/usr/share/texlive/texmf-dist/tex/latex/hyperref/hyperref.sty
(/usr/share/texlive/texmf-dist/tex/generic/kvdefinekeys/kvdefinekeys.sty)
(/usr/share/texlive/texmf-dist/tex/generic/pdfescape/pdfescape.sty)
(/usr/share/texlive/texmf-dist/tex/latex/hycolor/hycolor.sty)
(/usr/share/texlive/texmf-dist/tex/latex/auxhook/auxhook.sty)
(/usr/share/texlive/texmf-dist/tex/latex/hyperref/nameref.sty
(/usr/share/texlive/texmf-dist/tex/latex/refcount/refcount.sty)
(/usr/share/texlive/texmf-dist/tex/generic/gettitlestring/gettitlestring.sty))
(/usr/share/texlive/texmf-dist/tex/latex/hyperref/pd1enc.def)
(/usr/share/texlive/texmf-dist/tex/generic/intcalc/intcalc.sty)
(/usr/share/texlive/texmf-dist/tex/latex/hyperref/puenc.def)
(/usr/share/texlive/texmf-dist/tex/latex/url/url.sty)
(/usr/share/texlive/texmf-dist/tex/generic/bitset/bitset.sty
(/usr/share/texlive/texmf-dist/tex/generic/bigintcalc/bigintcalc.sty))
(/usr/share/texlive/texmf-dist/tex/latex/base/atbegshi-ltx.sty))
(/usr/share/texlive/texmf-dist/tex/latex/hyperref/hpdftex.def
(/usr/share/texlive/texmf-dist/tex/latex/base/atveryend-ltx.sty)
(/usr/share/texlive/texmf-dist/tex/latex/rerunfilecheck/rerunfilecheck.sty
(/usr/share/texlive/texmf-dist/tex/generic/uniquecounter/uniquecounter.sty)))
(/usr/share/texlive/texmf-dist/tex/latex/biblatex/biblatex.sty
(/usr/share/texlive/texmf-dist/tex/latex/logreq/logreq.sty
(/usr/share/texlive/texmf-dist/tex/latex/logreq/logreq.def))
(/usr/share/texlive/texmf-dist/tex/latex/biblatex/blx-dm.def)
(/usr/share/texlive/texmf-dist/tex/latex/biblatex-apa/apa.dbx)
(/usr/share/texlive/texmf-dist/tex/latex/biblatex/blx-compat.def)
(/usr/share/texlive/texmf-dist/tex/latex/biblatex/biblatex.def)
(/usr/share/texlive/texmf-dist/tex/latex/biblatex-apa/apa.bbx
(/usr/share/texlive/texmf-dist/tex/latex/biblatex/bbx/standard.bbx))
(/usr/share/texlive/texmf-dist/tex/latex/biblatex-apa/apa.cbx)
(/usr/share/texlive/texmf-dist/tex/latex/biblatex/biblatex.cfg)
(/usr/share/texlive/texmf-dist/tex/latex/biblatex/blx-case-expl3.sty))
(build/main.aux
(/usr/share/texlive/texmf-dist/tex/generic/babel/locale/pt/babel-portuguese.tex
))
(/usr/share/texlive/texmf-dist/tex/latex/translations/translations-basic-dictio
nary-english.trsl)
(/usr/share/texlive/texmf-dist/tex/context/base/mkii/supp-pdf.mkii
[Loading MPS to PDF converter (version 2006.09.02).]
) (/usr/share/texlive/texmf-dist/tex/latex/epstopdf-pkg/epstopdf-base.sty
(/usr/share/texlive/texmf-dist/tex/latex/latexconfig/epstopdf-sys.cfg))
(build/main.glsdefs)
(/usr/share/texlive/texmf-dist/tex/latex/translator/translator-months-dictionar
y-English.dict)
*geometry* driver: auto-detecting
*geometry* detected driver: pdftex
Package pgfplots notification 'compat/show suggested version=true': document ha
s been generated with the most recent feature set (\pgfplotsset{compat=1.18}).

(build/main.out) (build/main.out)
(/usr/share/texlive/texmf-dist/tex/latex/biblatex-apa/english-apa.lbx
(/usr/share/texlive/texmf-dist/tex/latex/biblatex/lbx/english.lbx)
(/usr/share/texlive/texmf-dist/tex/latex/biblatex-apa/american-apa.lbx
(/usr/share/texlive/texmf-dist/tex/latex/biblatex/lbx/american.lbx
(/usr/share/texlive/texmf-dist/tex/latex/biblatex/lbx/english.lbx))))
(/usr/share/texlive/texmf-dist/tex/latex/biblatex-apa/portuguese-apa.lbx
(/usr/share/texlive/texmf-dist/tex/latex/biblatex/lbx/portuguese.lbx)
(/usr/share/texlive/texmf-dist/tex/latex/biblatex/lbx/portuguese.lbx))
(build/main.bbl) (./frontmatter/frontmatter.tex (./frontmatter/glossary.tex)
1: section

LaTeX Font Warning: Font shape `T1/cmbr/b/sc' undefined
(Font)              using `T1/cmbr/b/n' instead on input line 12.


Underfull \hbox (badness 10000) in paragraph at lines 12--12

[1{/var/lib/texmf/fonts/map/pdftex/updmap/pdftex.map}{/usr/share/texmf/fonts/en
c/dvips/cm-super/cm-super-t1.enc} <.//frontmatter/assets/isep_logo.pdf>]
[2]
--------------------
 Statement of Integrity
--------------------

Underfull \hbox (badness 10000) in paragraph at lines 18--19


Underfull \hbox (badness 10000) in paragraph at lines 18--19


Underfull \hbox (badness 10000) in paragraph at lines 18--19


Underfull \hbox (badness 10000) in paragraph at lines 18--19

1: section
(/usr/share/texlive/texmf-dist/tex/latex/cmbright/ot1cmbr.fd)
(/usr/share/texlive/texmf-dist/tex/latex/cmbright/omlcmbrm.fd)
(/usr/share/texlive/texmf-dist/tex/latex/cmbright/omscmbrs.fd)
(/usr/share/texmf/tex/latex/lm/omxlmex.fd) [3] [4]
--------------------
 Abstract
--------------------
1: section
[5] [6]
--------------------
 \bbl@nocaption@i{abstractname}{portugueseabstractname}
--------------------
1: section
[7] [8] (build/main.toc
1: section
[9] [10] [11]) [12] (build/main.lof)
1: section
[13] [14] (build/main.lot) (build/main.acr
1: section
[15] [16])
1: section
[17] [18]
1: section
) (./ch1/chapter1.tex
Chapter 1.
1: section
[1] [2] [3] (/usr/share/texlive/texmf-dist/tex/latex/cmbright/ts1cmbr.fd)
[4{/usr/share/texmf/fonts/enc/dvips/cm-super/cm-super-ts1.enc}] [5]
Overfull \hbox (13.44377pt too wide) in paragraph at lines 100--101
[]\T1/cmbr/m/n/10.95 (-20) Evaluation of can-di-date tools (in-clud-ing Prometh
eus []Volz,
[6]) (./ch2_current_state/chapter2.tex [7] [8]
Chapter 2.
(/usr/share/texlive/texmf-dist/tex/latex/cmbright/t1cmtl.fd)

LaTeX Font Warning: Font shape `T1/cmbr/m/sc' undefined
(Font)              using `T1/cmbr/m/n' instead on input line 20.


Underfull \hbox (badness 3601) in paragraph at lines 57--58
[]|\T1/cmbr/m/n/10.95 (+20) Orchestrates pipeline work-flows, sched-ules
1: section
[9] [10 <./ch2_current_state/assets/baseline-architecture.pdf>] [11])
(./ch2_literature/chapter2.tex [12]
Chapter 3.
1: section
[13] [14] [15 <./ch2_literature/assets/prisma.pdf>] [16] [17] [18] [19]
[20] [21] [22] [23]) (./ch3_planning/chapter3.tex [24]
Chapter 4.
1: section
[25] [26]
Underfull \hbox (badness 2134) in paragraph at lines 102--102
[]|\T1/cmbr/bx/n/9 (+20) C3: Tech-ni-cal com-

Underfull \hbox (badness 5652) in paragraph at lines 103--103
[]|\T1/cmbr/m/n/9 (+20) Intermediate: aca-demic

Overfull \hbox (10.56425pt too wide) in paragraph at lines 89--108
 [][] 

Underfull \hbox (badness 3503) in paragraph at lines 128--129
[]|\T1/cmbr/m/n/9 (+20) Evaluation pro-to-col is re-pro-
[27] [28]
Underfull \hbox (badness 10000) in paragraph at lines 166--167
[]|\T1/cmbr/m/n/9 (+20) A1--A3 (ar-chi-tec-ture,

Underfull \hbox (badness 1173) in paragraph at lines 170--171
\T1/cmbr/m/n/9 (+20) and dataset); pre-lim-i-

Underfull \hbox (badness 10000) in paragraph at lines 174--175
[]|\T1/cmbr/m/n/9 (+20) A5 (doc-u-men-ta-tion

Underfull \hbox (badness 10000) in paragraph at lines 174--175
\T1/cmbr/m/n/9 (+20) pack-age); com-pleted

Overfull \hbox (10.56427pt too wide) in paragraph at lines 152--177
 [][] 

Underfull \hbox (badness 5504) in paragraph at lines 194--195
[]|\T1/cmbr/m/n/9 (+20) Deployment is re-peat-able; core

Overfull \hbox (2.08353pt too wide) in paragraph at lines 188--203
 [][] 
[29] [30]

LaTeX Font Warning: Font shape `T1/cmbr/bx/n' in size <8> not available
(Font)              Font shape `T1/cmbr/sb/n' tried instead on input line 297.


Underfull \hbox (badness 10000) in paragraph at lines 299--299
\T1/cmbr/m/n/8 (+20) re-quired ca-pa-bil-ity

Underfull \hbox (badness 10000) in paragraph at lines 299--299
\T1/cmbr/m/n/8 (+20) miss-ing; un-sta-ble

Underfull \hbox (badness 2253) in paragraph at lines 299--300
[]|\T1/cmbr/m/n/8 (+20) Run early proof-of-

Underfull \hbox (badness 10000) in paragraph at lines 299--300
\T1/cmbr/m/n/8 (+20) concept; eval-u-ate

Underfull \hbox (badness 10000) in paragraph at lines 299--300
\T1/cmbr/m/n/8 (+20) al-ter-na-tives; keep

Underfull \hbox (badness 10000) in paragraph at lines 299--300
\T1/cmbr/m/n/8 (+20) fall-back op-tions;

Underfull \hbox (badness 10000) in paragraph at lines 299--300
\T1/cmbr/m/n/8 (+20) freeze a min-i-mal

Underfull \hbox (badness 10000) in paragraph at lines 299--300
\T1/cmbr/m/n/8 (+20) vi-able ar-chi-tec-ture

Underfull \hbox (badness 10000) in paragraph at lines 301--301
[]|\T1/cmbr/m/n/8 (+20) Telemetry pipeline qual-ity

Underfull \hbox (badness 10000) in paragraph at lines 301--301
\T1/cmbr/m/n/8 (+20) for the planned di-ag-no-sis

Underfull \hbox (badness 7273) in paragraph at lines 301--301
\T1/cmbr/m/n/8 (+20) ti-fiers; CPU/mem-

Underfull \hbox (badness 2418) in paragraph at lines 301--301
\T1/cmbr/m/n/8 (+20) agreed bounds; la-

Underfull \hbox (badness 1189) in paragraph at lines 301--301
\T1/cmbr/m/n/8 (+20) yond base-line tol-er-

Underfull \hbox (badness 4036) in paragraph at lines 301--302
[]|\T1/cmbr/m/n/8 (+20) Validate cor-re-la-tion

Underfull \hbox (badness 10000) in paragraph at lines 301--302
\T1/cmbr/m/n/8 (+20) end-to-end early;

Underfull \hbox (badness 10000) in paragraph at lines 301--302
\T1/cmbr/m/n/8 (+20) tune con-fig-u-ra-tion

Underfull \hbox (badness 10000) in paragraph at lines 301--302
\T1/cmbr/m/n/8 (+20) men-ta-tion; bound

Underfull \hbox (badness 1796) in paragraph at lines 303--303
\T1/cmbr/m/n/8 (+20) peated en-vi-ron-ment

Underfull \hbox (badness 1122) in paragraph at lines 303--304
[]|\T1/cmbr/m/n/8 (+20) Use stag-ing as pri-

Underfull \hbox (badness 1596) in paragraph at lines 303--304
\T1/cmbr/m/n/8 (+20) mary tar-get; par-al-

Underfull \hbox (badness 7613) in paragraph at lines 305--306
\T1/cmbr/m/n/8 (+20) ing out-put; draft

Underfull \hbox (badness 10000) in paragraph at lines 305--306
\T1/cmbr/m/n/8 (+20) chap-ters in-cre-men-

Underfull \hbox (badness 8170) in paragraph at lines 305--306
\T1/cmbr/m/n/8 (+20) tally; lock re-view

Underfull \hbox (badness 10000) in paragraph at lines 305--306
\T1/cmbr/m/n/8 (+20) dates; de-scope

Underfull \hbox (badness 10000) in paragraph at lines 305--306
\T1/cmbr/m/n/8 (+20) pro-tect sub-mis-sion

Underfull \hbox (badness 3323) in paragraph at lines 307--307
\T1/cmbr/m/n/8 (+20) re-ca-tions im-pact-ing

Underfull \hbox (badness 10000) in paragraph at lines 307--308
\T1/cmbr/m/n/8 (+20) asyn-chronous re-

Underfull \hbox (badness 3482) in paragraph at lines 307--308
\T1/cmbr/m/n/8 (+20) views; com-ple-ment

Underfull \hbox (badness 5388) in paragraph at lines 307--308
\T1/cmbr/m/n/8 (+20) with ad-vi-sor/-ex-pert

Underfull \hbox (badness 10000) in paragraph at lines 307--308
\T1/cmbr/m/n/8 (+20) re-view; choose

Underfull \hbox (badness 10000) in paragraph at lines 307--308
\T1/cmbr/m/n/8 (+20) con-ser-va-tive com-

Underfull \hbox (badness 2158) in paragraph at lines 307--308
\T1/cmbr/m/n/8 (+20) po-nents; doc-u-ment

Underfull \hbox (badness 10000) in paragraph at lines 307--308
\T1/cmbr/m/n/8 (+20) as-sump-tions and

Overfull \hbox (42.32062pt too wide) in paragraph at lines 295--310
 [][] 
) (./ch4_design/chapter4.tex [31] [32]
Chapter 5.
1: section
[33] [34] [35] [36]
Overfull \hbox (82.80025pt too wide) in paragraph at lines 203--212
 [][] 
[37] [38] [39] [40] [41] [42]) (./ch5_implementation/chapter5.tex [43] [44]
Chapter 6.
1: section
[45]) (./ch6_evaluation/chapter6.tex [46]
Chapter 7.
1: section
[47]) (./ch5_conclusion/chapter5.tex [48]
Chapter 8.
1: section
[49]) [50]
1: section
[51] [52] [53] (build/main.aux)

LaTeX Font Warning: Some font shapes were not available, defaults substituted.


LaTeX Warning: There were undefined references.


Package biblatex Warning: Please rerun LaTeX.

 )
(see the transcript file for additional information)</usr/share/texlive/texmf-d
ist/fonts/type1/public/hfbright/hfbrsy10.pfb></usr/share/texmf/fonts/type1/publ
ic/cm-super/sfbbx10.pfb></usr/share/texmf/fonts/type1/public/cm-super/sfbmo10.p
fb></usr/share/texmf/fonts/type1/public/cm-super/sfbmr10.pfb></usr/share/texmf/
fonts/type1/public/cm-super/sfbmr8.pfb></usr/share/texmf/fonts/type1/public/cm-
super/sfbmr9.pfb></usr/share/texmf/fonts/type1/public/cm-super/sfbsr8.pfb></usr
/share/texmf/fonts/type1/public/cm-super/sfbtl10.pfb>
Output written on build/main.pdf (71 pages, 521590 bytes).
Transcript written on build/main.log.
Latexmk: Getting log file 'build/main.log'
Latexmk: Examining 'build/main.fls'
Latexmk: Examining 'build/main.log'
Latexmk: Found input bbl file 'build/main.bbl'
Latexmk: Log file says output to 'build/main.pdf'
Latexmk: Bibliography file(s) from .bcf file:
  mainbibliography.bib
Latexmk: All targets (build/main.pdf) are up-to-date

